15:27:23 **** Incremental Build of configuration Debug for project test10000 ****
make -j16 all 
arm-none-eabi-gcc "../Core/Src/main.c" -mcpu=cortex-m4 -std=gnu11 -g3 -DDEBUG -DUSE_HAL_DRIVER -DSTM32L476xx -c -I../Core/Inc -I../Drivers/STM32L4xx_HAL_Driver/Inc -I../Drivers/STM32L4xx_HAL_Driver/Inc/Legacy -I../Drivers/CMSIS/Device/ST/STM32L4xx/Include -I../Drivers/CMSIS/Include -I../Middlewares/Third_Party/ARM_CMSIS/CMSIS/Include -O0 -ffunction-sections -fdata-sections -Wall -fstack-usage -MMD -MP -MF"Core/Src/main.d" -MT"Core/Src/main.o" --specs=nano.specs -mfpu=fpv4-sp-d16 -mfloat-abi=hard -mthumb -o "Core/Src/main.o"
arm-none-eabi-gcc -o "test10000.elf" @"objects.list"  -l:libarm_cortexM4lf_math.a -mcpu=cortex-m4 -T"C:\Users\bhbo9\Documents\PROJECTS\BartoszOStrowski\STM32\test10000\STM32L476RGTX_FLASH.ld" --specs=nosys.specs -Wl,-Map="test10000.map" -Wl,--gc-sections -static -L../Middlewares/Third_Party/ARM_CMSIS/CMSIS/Lib/GCC --specs=nano.specs -mfpu=fpv4-sp-d16 -mfloat-abi=hard -mthumb -Wl,--start-group -lc -lm -Wl,--end-group
Finished building target: test10000.elf
 
arm-none-eabi-size   test10000.elf 
arm-none-eabi-objdump -h -S  test10000.elf  > "test10000.list"
   text	   data	    bss	    dec	    hex	filename
  22780	     56	  76632	  99468	  1848c	test10000.elf
Finished building: default.size.stdout
 
Finished building: test10000.list
 

15:27:23 Build Finished. 0 errors, 0 warnings. (took 797ms)

