Archive member included to satisfy reference by file (symbol)

c:/st/stm32cubeide_1.5.0/stm32cubeide/plugins/com.st.stm32cube.ide.mcu.externaltools.gnu-tools-for-stm32.9-2020-q2-update.win32_1.5.0.202011040924/tools/bin/../lib/gcc/arm-none-eabi/9.3.1/../../../../arm-none-eabi/lib/thumb/v7e-m+fp/hard\libc_nano.a(lib_a-errno.o)
                              Core/Src/syscalls.o (__errno)
c:/st/stm32cubeide_1.5.0/stm32cubeide/plugins/com.st.stm32cube.ide.mcu.externaltools.gnu-tools-for-stm32.9-2020-q2-update.win32_1.5.0.202011040924/tools/bin/../lib/gcc/arm-none-eabi/9.3.1/../../../../arm-none-eabi/lib/thumb/v7e-m+fp/hard\libc_nano.a(lib_a-exit.o)
                              c:/st/stm32cubeide_1.5.0/stm32cubeide/plugins/com.st.stm32cube.ide.mcu.externaltools.gnu-tools-for-stm32.9-2020-q2-update.win32_1.5.0.202011040924/tools/bin/../lib/gcc/arm-none-eabi/9.3.1/../../../../arm-none-eabi/lib/thumb/v7e-m+fp/hard/crt0.o (exit)
c:/st/stm32cubeide_1.5.0/stm32cubeide/plugins/com.st.stm32cube.ide.mcu.externaltools.gnu-tools-for-stm32.9-2020-q2-update.win32_1.5.0.202011040924/tools/bin/../lib/gcc/arm-none-eabi/9.3.1/../../../../arm-none-eabi/lib/thumb/v7e-m+fp/hard\libc_nano.a(lib_a-impure.o)
                              c:/st/stm32cubeide_1.5.0/stm32cubeide/plugins/com.st.stm32cube.ide.mcu.externaltools.gnu-tools-for-stm32.9-2020-q2-update.win32_1.5.0.202011040924/tools/bin/../lib/gcc/arm-none-eabi/9.3.1/../../../../arm-none-eabi/lib/thumb/v7e-m+fp/hard\libc_nano.a(lib_a-exit.o) (_global_impure_ptr)
c:/st/stm32cubeide_1.5.0/stm32cubeide/plugins/com.st.stm32cube.ide.mcu.externaltools.gnu-tools-for-stm32.9-2020-q2-update.win32_1.5.0.202011040924/tools/bin/../lib/gcc/arm-none-eabi/9.3.1/../../../../arm-none-eabi/lib/thumb/v7e-m+fp/hard\libc_nano.a(lib_a-init.o)
                              c:/st/stm32cubeide_1.5.0/stm32cubeide/plugins/com.st.stm32cube.ide.mcu.externaltools.gnu-tools-for-stm32.9-2020-q2-update.win32_1.5.0.202011040924/tools/bin/../lib/gcc/arm-none-eabi/9.3.1/../../../../arm-none-eabi/lib/thumb/v7e-m+fp/hard/crt0.o (__libc_init_array)
c:/st/stm32cubeide_1.5.0/stm32cubeide/plugins/com.st.stm32cube.ide.mcu.externaltools.gnu-tools-for-stm32.9-2020-q2-update.win32_1.5.0.202011040924/tools/bin/../lib/gcc/arm-none-eabi/9.3.1/../../../../arm-none-eabi/lib/thumb/v7e-m+fp/hard\libc_nano.a(lib_a-memset.o)
                              c:/st/stm32cubeide_1.5.0/stm32cubeide/plugins/com.st.stm32cube.ide.mcu.externaltools.gnu-tools-for-stm32.9-2020-q2-update.win32_1.5.0.202011040924/tools/bin/../lib/gcc/arm-none-eabi/9.3.1/../../../../arm-none-eabi/lib/thumb/v7e-m+fp/hard/crt0.o (memset)
c:/st/stm32cubeide_1.5.0/stm32cubeide/plugins/com.st.stm32cube.ide.mcu.externaltools.gnu-tools-for-stm32.9-2020-q2-update.win32_1.5.0.202011040924/tools/bin/../lib/gcc/arm-none-eabi/9.3.1/../../../../arm-none-eabi/lib/thumb/v7e-m+fp/hard\libc_nano.a(lib_a-sprintf.o)
                              Core/Src/Bluetooth.o (sprintf)
c:/st/stm32cubeide_1.5.0/stm32cubeide/plugins/com.st.stm32cube.ide.mcu.externaltools.gnu-tools-for-stm32.9-2020-q2-update.win32_1.5.0.202011040924/tools/bin/../lib/gcc/arm-none-eabi/9.3.1/../../../../arm-none-eabi/lib/thumb/v7e-m+fp/hard\libc_nano.a(lib_a-nano-svfprintf.o)
                              c:/st/stm32cubeide_1.5.0/stm32cubeide/plugins/com.st.stm32cube.ide.mcu.externaltools.gnu-tools-for-stm32.9-2020-q2-update.win32_1.5.0.202011040924/tools/bin/../lib/gcc/arm-none-eabi/9.3.1/../../../../arm-none-eabi/lib/thumb/v7e-m+fp/hard\libc_nano.a(lib_a-sprintf.o) (_svfprintf_r)
c:/st/stm32cubeide_1.5.0/stm32cubeide/plugins/com.st.stm32cube.ide.mcu.externaltools.gnu-tools-for-stm32.9-2020-q2-update.win32_1.5.0.202011040924/tools/bin/../lib/gcc/arm-none-eabi/9.3.1/../../../../arm-none-eabi/lib/thumb/v7e-m+fp/hard\libc_nano.a(lib_a-nano-vfprintf_i.o)
                              c:/st/stm32cubeide_1.5.0/stm32cubeide/plugins/com.st.stm32cube.ide.mcu.externaltools.gnu-tools-for-stm32.9-2020-q2-update.win32_1.5.0.202011040924/tools/bin/../lib/gcc/arm-none-eabi/9.3.1/../../../../arm-none-eabi/lib/thumb/v7e-m+fp/hard\libc_nano.a(lib_a-nano-svfprintf.o) (_printf_i)
c:/st/stm32cubeide_1.5.0/stm32cubeide/plugins/com.st.stm32cube.ide.mcu.externaltools.gnu-tools-for-stm32.9-2020-q2-update.win32_1.5.0.202011040924/tools/bin/../lib/gcc/arm-none-eabi/9.3.1/../../../../arm-none-eabi/lib/thumb/v7e-m+fp/hard\libc_nano.a(lib_a-memchr.o)
                              c:/st/stm32cubeide_1.5.0/stm32cubeide/plugins/com.st.stm32cube.ide.mcu.externaltools.gnu-tools-for-stm32.9-2020-q2-update.win32_1.5.0.202011040924/tools/bin/../lib/gcc/arm-none-eabi/9.3.1/../../../../arm-none-eabi/lib/thumb/v7e-m+fp/hard\libc_nano.a(lib_a-nano-svfprintf.o) (memchr)
c:/st/stm32cubeide_1.5.0/stm32cubeide/plugins/com.st.stm32cube.ide.mcu.externaltools.gnu-tools-for-stm32.9-2020-q2-update.win32_1.5.0.202011040924/tools/bin/../lib/gcc/arm-none-eabi/9.3.1/../../../../arm-none-eabi/lib/thumb/v7e-m+fp/hard\libc_nano.a(lib_a-memcpy-stub.o)
[...]
Memory Configuration

Name             Origin             Length             Attributes
RAM              0x0000000020000000 0x0000000000018000 xrw
RAM2             0x0000000010000000 0x0000000000008000 xrw
FLASH            0x0000000008000000 0x0000000000100000 xr
*default*        0x0000000000000000 0xffffffffffffffff

Linker script and memory map

LOAD c:/st/stm32cubeide_1.5.0/stm32cubeide/plugins/com.st.stm32cube.ide.mcu.externaltools.gnu-tools-for-stm32.9-2020-q2-update.win32_1.5.0.202011040924/tools/bin/../lib/gcc/arm-none-eabi/9.3.1/thumb/v7e-m+fp/hard/crti.o
LOAD c:/st/stm32cubeide_1.5.0/stm32cubeide/plugins/com.st.stm32cube.ide.mcu.externaltools.gnu-tools-for-stm32.9-2020-q2-update.win32_1.5.0.202011040924/tools/bin/../lib/gcc/arm-none-eabi/9.3.1/thumb/v7e-m+fp/hard/crtbegin.o
LOAD c:/st/stm32cubeide_1.5.0/stm32cubeide/plugins/com.st.stm32cube.ide.mcu.externaltools.gnu-tools-for-stm32.9-2020-q2-update.win32_1.5.0.202011040924/tools/bin/../lib/gcc/arm-none-eabi/9.3.1/../../../../arm-none-eabi/lib/thumb/v7e-m+fp/hard/crt0.o
LOAD Core/Src/Bluetooth.o
LOAD Core/Src/DHT.o
LOAD Core/Src/DispParam.o
LOAD Core/Src/bmp180.o
LOAD Core/Src/gpio.o
LOAD Core/Src/i2c.o
LOAD Core/Src/lcd_i2c.o
LOAD Core/Src/main.o
LOAD Core/Src/stm32l4xx_hal_msp.o
LOAD Core/Src/stm32l4xx_it.o
LOAD Core/Src/syscalls.o
LOAD Core/Src/sysmem.o
LOAD Core/Src/system_stm32l4xx.o
LOAD Core/Src/tim.o
LOAD Core/Src/usart.o
LOAD Core/Startup/startup_stm32l476rgtx.o
LOAD Drivers/STM32L4xx_HAL_Driver/Src/stm32l4xx_hal.o
LOAD Drivers/STM32L4xx_HAL_Driver/Src/stm32l4xx_hal_cortex.o
LOAD Drivers/STM32L4xx_HAL_Driver/Src/stm32l4xx_hal_dma.o
LOAD Drivers/STM32L4xx_HAL_Driver/Src/stm32l4xx_hal_dma_ex.o
LOAD Drivers/STM32L4xx_HAL_Driver/Src/stm32l4xx_hal_exti.o
LOAD Drivers/STM32L4xx_HAL_Driver/Src/stm32l4xx_hal_flash.o
LOAD Drivers/STM32L4xx_HAL_Driver/Src/stm32l4xx_hal_flash_ex.o
LOAD Drivers/STM32L4xx_HAL_Driver/Src/stm32l4xx_hal_flash_ramfunc.o
LOAD Drivers/STM32L4xx_HAL_Driver/Src/stm32l4xx_hal_gpio.o
LOAD Drivers/STM32L4xx_HAL_Driver/Src/stm32l4xx_hal_i2c.o
LOAD Drivers/STM32L4xx_HAL_Driver/Src/stm32l4xx_hal_i2c_ex.o
LOAD Drivers/STM32L4xx_HAL_Driver/Src/stm32l4xx_hal_pwr.o
LOAD Drivers/STM32L4xx_HAL_Driver/Src/stm32l4xx_hal_pwr_ex.o
LOAD Drivers/STM32L4xx_HAL_Driver/Src/stm32l4xx_hal_rcc.o
LOAD Drivers/STM32L4xx_HAL_Driver/Src/stm32l4xx_hal_rcc_ex.o
LOAD Drivers/STM32L4xx_HAL_Driver/Src/stm32l4xx_hal_tim.o
LOAD Drivers/STM32L4xx_HAL_Driver/Src/stm32l4xx_hal_tim_ex.o
LOAD Drivers/STM32L4xx_HAL_Driver/Src/stm32l4xx_hal_uart.o
LOAD Drivers/STM32L4xx_HAL_Driver/Src/stm32l4xx_hal_uart_ex.o
START GROUP
LOAD c:/st/stm32cubeide_1.5.0/stm32cubeide/plugins/com.st.stm32cube.ide.mcu.externaltools.gnu-tools-for-stm32.9-2020-q2-update.win32_1.5.0.202011040924/tools/bin/../lib/gcc/arm-none-eabi/9.3.1/../../../../arm-none-eabi/lib/thumb/v7e-m+fp/hard\libc_nano.a
LOAD c:/st/stm32cubeide_1.5.0/stm32cubeide/plugins/com.st.stm32cube.ide.mcu.externaltools.gnu-tools-for-stm32.9-2020-q2-update.win32_1.5.0.202011040924/tools/bin/../lib/gcc/arm-none-eabi/9.3.1/../../../../arm-none-eabi/lib/thumb/v7e-m+fp/hard\libm.a
END GROUP
START GROUP
LOAD c:/st/stm32cubeide_1.5.0/stm32cubeide/plugins/com.st.stm32cube.ide.mcu.externaltools.gnu-tools-for-stm32.9-2020-q2-update.win32_1.5.0.202011040924/tools/bin/../lib/gcc/arm-none-eabi/9.3.1/thumb/v7e-m+fp/hard\libgcc.a
LOAD c:/st/stm32cubeide_1.5.0/stm32cubeide/plugins/com.st.stm32cube.ide.mcu.externaltools.gnu-tools-for-stm32.9-2020-q2-update.win32_1.5.0.202011040924/tools/bin/../lib/gcc/arm-none-eabi/9.3.1/../../../../arm-none-eabi/lib/thumb/v7e-m+fp/hard\libc_nano.a
END GROUP
START GROUP
LOAD c:/st/stm32cubeide_1.5.0/stm32cubeide/plugins/com.st.stm32cube.ide.mcu.externaltools.gnu-tools-for-stm32.9-2020-q2-update.win32_1.5.0.202011040924/tools/bin/../lib/gcc/arm-none-eabi/9.3.1/thumb/v7e-m+fp/hard\libgcc.a
LOAD c:/st/stm32cubeide_1.5.0/stm32cubeide/plugins/com.st.stm32cube.ide.mcu.externaltools.gnu-tools-for-stm32.9-2020-q2-update.win32_1.5.0.202011040924/tools/bin/../lib/gcc/arm-none-eabi/9.3.1/../../../../arm-none-eabi/lib/thumb/v7e-m+fp/hard\libc_nano.a
LOAD c:/st/stm32cubeide_1.5.0/stm32cubeide/plugins/com.st.stm32cube.ide.mcu.externaltools.gnu-tools-for-stm32.9-2020-q2-update.win32_1.5.0.202011040924/tools/bin/../lib/gcc/arm-none-eabi/9.3.1/../../../../arm-none-eabi/lib/thumb/v7e-m+fp/hard\libnosys.a
END GROUP
START GROUP
LOAD c:/st/stm32cubeide_1.5.0/stm32cubeide/plugins/com.st.stm32cube.ide.mcu.externaltools.gnu-tools-for-stm32.9-2020-q2-update.win32_1.5.0.202011040924/tools/bin/../lib/gcc/arm-none-eabi/9.3.1/thumb/v7e-m+fp/hard\libgcc.a
LOAD c:/st/stm32cubeide_1.5.0/stm32cubeide/plugins/com.st.stm32cube.ide.mcu.externaltools.gnu-tools-for-stm32.9-2020-q2-update.win32_1.5.0.202011040924/tools/bin/../lib/gcc/arm-none-eabi/9.3.1/../../../../arm-none-eabi/lib/thumb/v7e-m+fp/hard\libc_nano.a
LOAD c:/st/stm32cubeide_1.5.0/stm32cubeide/plugins/com.st.stm32cube.ide.mcu.externaltools.gnu-tools-for-stm32.9-2020-q2-update.win32_1.5.0.202011040924/tools/bin/../lib/gcc/arm-none-eabi/9.3.1/../../../../arm-none-eabi/lib/thumb/v7e-m+fp/hard\libnosys.a
END GROUP
LOAD c:/st/stm32cubeide_1.5.0/stm32cubeide/plugins/com.st.stm32cube.ide.mcu.externaltools.gnu-tools-for-stm32.9-2020-q2-update.win32_1.5.0.202011040924/tools/bin/../lib/gcc/arm-none-eabi/9.3.1/thumb/v7e-m+fp/hard/crtend.o
LOAD c:/st/stm32cubeide_1.5.0/stm32cubeide/plugins/com.st.stm32cube.ide.mcu.externaltools.gnu-tools-for-stm32.9-2020-q2-update.win32_1.5.0.202011040924/tools/bin/../lib/gcc/arm-none-eabi/9.3.1/thumb/v7e-m+fp/hard/crtn.o
                0x0000000020018000                _estack = (ORIGIN (RAM) + LENGTH (RAM))
                0x0000000000000200                _Min_Heap_Size = 0x200
                0x0000000000000400                _Min_Stack_Size = 0x400

.isr_vector     0x0000000008000000      0x188
                0x0000000008000000                . = ALIGN (0x4)
 *(.isr_vector)
 .isr_vector    0x0000000008000000      0x188 Core/Startup/startup_stm32l476rgtx.o
                0x0000000008000000                g_pfnVectors
                0x0000000008000188                . = ALIGN (0x4)

.text           0x0000000008000190     0x7028
                0x0000000008000190                . = ALIGN (0x4)
 *(.text)
 .text          0x0000000008000190       0x40 c:/st/stm32cubeide_1.5.0/stm32cubeide/plugins/com.st.stm32cube.ide.mcu.externaltools.gnu-tools-for-stm32.9-2020-q2-update.win32_1.5.0.202011040924/tools/bin/../lib/gcc/arm-none-eabi/9.3.1/thumb/v7e-m+fp/hard/crtbegin.o
 .text          0x00000000080001d0       0xa0 c:/st/stm32cubeide_1.5.0/stm32cubeide/plugins/com.st.stm32cube.ide.mcu.externaltools.gnu-tools-for-stm32.9-2020-q2-update.win32_1.5.0.202011040924/tools/bin/../lib/gcc/arm-none-eabi/9.3.1/../../../../arm-none-eabi/lib/thumb/v7e-m+fp/hard\libc_nano.a(lib_a-memchr.o)
                0x00000000080001d0                memchr
 .text          0x0000000008000270      0x378 c:/st/stm32cubeide_1.5.0/stm32cubeide/plugins/com.st.stm32cube.ide.mcu.externaltools.gnu-tools-for-stm32.9-2020-q2-update.win32_1.5.0.202011040924/tools/bin/../lib/gcc/arm-none-eabi/9.3.1/thumb/v7e-m+fp/hard\libgcc.a(_arm_addsubdf3.o)
                0x0000000008000270                __aeabi_drsub
                0x0000000008000278                __aeabi_dsub
                0x0000000008000278                __subdf3
                0x000000000800027c                __aeabi_dadd
                0x000000000800027c                __adddf3
                0x00000000080004f4                __floatunsidf
                0x00000000080004f4                __aeabi_ui2d
                0x0000000008000514                __floatsidf
                0x0000000008000514                __aeabi_i2d
                0x0000000008000538                __aeabi_f2d
                0x0000000008000538                __extendsfdf2
                0x000000000800057c                __floatundidf
                0x000000000800057c                __aeabi_ul2d
                0x000000000800058c                __floatdidf
                0x000000000800058c                __aeabi_l2d
 .text          0x00000000080005e8      0x424 c:/st/stm32cubeide_1.5.0/stm32cubeide/plugins/com.st.stm32cube.ide.mcu.externaltools.gnu-tools-for-stm32.9-2020-q2-update.win32_1.5.0.202011040924/tools/bin/../lib/gcc/arm-none-eabi/9.3.1/thumb/v7e-m+fp/hard\libgcc.a(_arm_muldivdf3.o)
                0x00000000080005e8                __aeabi_dmul
                0x00000000080005e8                __muldf3
                0x000000000800083c                __divdf3
                0x000000000800083c                __aeabi_ddiv
 .text          0x0000000008000a0c      0x110 c:/st/stm32cubeide_1.5.0/stm32cubeide/plugins/com.st.stm32cube.ide.mcu.externaltools.gnu-tools-for-stm32.9-2020-q2-update.win32_1.5.0.202011040924/tools/bin/../lib/gcc/arm-none-eabi/9.3.1/thumb/v7e-m+fp/hard\libgcc.a(_arm_cmpdf2.o)
                0x0000000008000a0c                __gtdf2
                0x0000000008000a0c                __gedf2
                0x0000000008000a14                __ltdf2
                0x0000000008000a14                __ledf2
                0x0000000008000a1c                __nedf2
                0x0000000008000a1c                __eqdf2
                0x0000000008000a1c                __cmpdf2
                0x0000000008000a98                __aeabi_cdrcmple
                0x0000000008000aa8                __aeabi_cdcmpeq
                0x0000000008000aa8                __aeabi_cdcmple
                0x0000000008000ab8                __aeabi_dcmpeq
                0x0000000008000acc                __aeabi_dcmplt
                0x0000000008000ae0                __aeabi_dcmple
                0x0000000008000af4                __aeabi_dcmpge
                0x0000000008000b08                __aeabi_dcmpgt
 .text          0x0000000008000b1c       0x50 c:/st/stm32cubeide_1.5.0/stm32cubeide/plugins/com.st.stm32cube.ide.mcu.externaltools.gnu-tools-for-stm32.9-2020-q2-update.win32_1.5.0.202011040924/tools/bin/../lib/gcc/arm-none-eabi/9.3.1/thumb/v7e-m+fp/hard\libgcc.a(_arm_fixdfsi.o)
                0x0000000008000b1c                __aeabi_d2iz
                0x0000000008000b1c                __fixdfsi
 .text          0x0000000008000b6c       0x30 c:/st/stm32cubeide_1.5.0/stm32cubeide/plugins/com.st.stm32cube.ide.mcu.externaltools.gnu-tools-for-stm32.9-2020-q2-update.win32_1.5.0.202011040924/tools/bin/../lib/gcc/arm-none-eabi/9.3.1/thumb/v7e-m+fp/hard\libgcc.a(_aeabi_uldivmod.o)
                0x0000000008000b6c                __aeabi_uldivmod
 .text          0x0000000008000b9c      0x2c4 c:/st/stm32cubeide_1.5.0/stm32cubeide/plugins/com.st.stm32cube.ide.mcu.externaltools.gnu-tools-for-stm32.9-2020-q2-update.win32_1.5.0.202011040924/tools/bin/../lib/gcc/arm-none-eabi/9.3.1/thumb/v7e-m+fp/hard\libgcc.a(_udivmoddi4.o)
                0x0000000008000b9c                __udivmoddi4
 .text          0x0000000008000e60        0x4 c:/st/stm32cubeide_1.5.0/stm32cubeide/plugins/com.st.stm32cube.ide.mcu.externaltools.gnu-tools-for-stm32.9-2020-q2-update.win32_1.5.0.202011040924/tools/bin/../lib/gcc/arm-none-eabi/9.3.1/thumb/v7e-m+fp/hard\libgcc.a(_dvmd_tls.o)
                0x0000000008000e60                __aeabi_idiv0
                0x0000000008000e60                __aeabi_ldiv0
 *(.text*)
 .text.SendDataBT
                0x0000000008000e64      0x2d0 Core/Src/Bluetooth.o
                0x0000000008000e64                SendDataBT
 .text.DWT_Delay_Init
                0x0000000008001134       0x60 Core/Src/DHT.o
                0x0000000008001134                DWT_Delay_Init
 .text.delay    0x0000000008001194       0x48 Core/Src/DHT.o
 .text.Set_Pin_Output
                0x00000000080011dc       0x3c Core/Src/DHT.o
                0x00000000080011dc                Set_Pin_Output
 .text.Set_Pin_Input
                0x0000000008001218       0x3c Core/Src/DHT.o
                0x0000000008001218                Set_Pin_Input
 .text.DHT_Start
                0x0000000008001254       0x46 Core/Src/DHT.o
                0x0000000008001254                DHT_Start
 .text.DHT_Check_Response
                0x000000000800129a       0x5c Core/Src/DHT.o
                0x000000000800129a                DHT_Check_Response
 .text.DHT_Read
                0x00000000080012f6       0x92 Core/Src/DHT.o
                0x00000000080012f6                DHT_Read
 .text.DHT_GetData
                0x0000000008001388       0xbc Core/Src/DHT.o
                0x0000000008001388                DHT_GetData
 .text.DisplayPressure
                0x0000000008001444       0x88 Core/Src/DispParam.o
                0x0000000008001444                DisplayPressure
 .text.DisplayTemperature
                0x00000000080014cc       0x88 Core/Src/DispParam.o
                0x00000000080014cc                DisplayTemperature
 .text.DisplayHumidity
                0x0000000008001554       0x88 Core/Src/DispParam.o
                0x0000000008001554                DisplayHumidity
 .text.RunDisp  0x00000000080015dc       0x58 Core/Src/DispParam.o
                0x00000000080015dc                RunDisp
 .text.bmp_init
                0x0000000008001634       0x68 Core/Src/bmp180.o
                0x0000000008001634                bmp_init
 .text.bmp_read_data
                0x000000000800169c       0x38 Core/Src/bmp180.o
                0x000000000800169c                bmp_read_data
 .text.bmp_write_data
                0x00000000080016d4       0x34 Core/Src/bmp180.o
                0x00000000080016d4                bmp_write_data
 .text.bmp_read_compensation_data
                0x0000000008001708      0x1ac Core/Src/bmp180.o
                0x0000000008001708                bmp_read_compensation_data
 .text.bmp_read_temp_and_pressure
                0x00000000080018b4       0xb6 Core/Src/bmp180.o
                0x00000000080018b4                bmp_read_temp_and_pressure
 *fill*         0x000000000800196a        0x2 
 .text.bmp_get_pressure
                0x000000000800196c      0x1bc Core/Src/bmp180.o
                0x000000000800196c                bmp_get_pressure
 .text.MX_GPIO_Init
                0x0000000008001b28       0xe0 Core/Src/gpio.o
                0x0000000008001b28                MX_GPIO_Init
 .text.MX_I2C2_Init
                0x0000000008001c08       0x80 Core/Src/i2c.o
                0x0000000008001c08                MX_I2C2_Init
 .text.HAL_I2C_MspInit
                0x0000000008001c88       0x88 Core/Src/i2c.o
                0x0000000008001c88                HAL_I2C_MspInit
 .text.lcd_init
                0x0000000008001d10       0x80 Core/Src/lcd_i2c.o
                0x0000000008001d10                lcd_init
 .text.lcd_write
                0x0000000008001d90       0x8c Core/Src/lcd_i2c.o
                0x0000000008001d90                lcd_write
 .text.lcd_display
                0x0000000008001e1c       0xaa Core/Src/lcd_i2c.o
                0x0000000008001e1c                lcd_display
 .text.lcd_clear
                0x0000000008001ec6       0x30 Core/Src/lcd_i2c.o
                0x0000000008001ec6                lcd_clear
 *fill*         0x0000000008001ef6        0x2 
 .text.main     0x0000000008001ef8       0xdc Core/Src/main.o
                0x0000000008001ef8                main
 .text.SystemClock_Config
                0x0000000008001fd4       0xf4 Core/Src/main.o
                0x0000000008001fd4                SystemClock_Config
 .text.HAL_GPIO_EXTI_Callback
                0x00000000080020c8       0x48 Core/Src/main.o
                0x00000000080020c8                HAL_GPIO_EXTI_Callback
 .text.HAL_UART_RxCpltCallback
                0x0000000008002110       0x44 Core/Src/main.o
                0x0000000008002110                HAL_UART_RxCpltCallback
 .text.HAL_TIM_PeriodElapsedCallback
                0x0000000008002154       0x70 Core/Src/main.o
                0x0000000008002154                HAL_TIM_PeriodElapsedCallback
 .text.Error_Handler
                0x00000000080021c4        0xa Core/Src/main.o
                0x00000000080021c4                Error_Handler
 *fill*         0x00000000080021ce        0x2 
 .text.HAL_MspInit
                0x00000000080021d0       0x48 Core/Src/stm32l4xx_hal_msp.o
                0x00000000080021d0                HAL_MspInit
 .text.NMI_Handler
                0x0000000008002218        0x6 Core/Src/stm32l4xx_it.o
                0x0000000008002218                NMI_Handler
 .text.HardFault_Handler
                0x000000000800221e        0x6 Core/Src/stm32l4xx_it.o
                0x000000000800221e                HardFault_Handler
 .text.MemManage_Handler
                0x0000000008002224        0x6 Core/Src/stm32l4xx_it.o
                0x0000000008002224                MemManage_Handler
 .text.BusFault_Handler
                0x000000000800222a        0x6 Core/Src/stm32l4xx_it.o
                0x000000000800222a                BusFault_Handler
 .text.UsageFault_Handler
                0x0000000008002230        0x6 Core/Src/stm32l4xx_it.o
                0x0000000008002230                UsageFault_Handler
 .text.SVC_Handler
                0x0000000008002236        0xe Core/Src/stm32l4xx_it.o
                0x0000000008002236                SVC_Handler
 .text.DebugMon_Handler
                0x0000000008002244        0xe Core/Src/stm32l4xx_it.o
                0x0000000008002244                DebugMon_Handler
 .text.PendSV_Handler
                0x0000000008002252        0xe Core/Src/stm32l4xx_it.o
                0x0000000008002252                PendSV_Handler
 .text.SysTick_Handler
                0x0000000008002260        0xc Core/Src/stm32l4xx_it.o
                0x0000000008002260                SysTick_Handler
 .text.TIM1_UP_TIM16_IRQHandler
                0x000000000800226c       0x14 Core/Src/stm32l4xx_it.o
                0x000000000800226c                TIM1_UP_TIM16_IRQHandler
 .text.USART1_IRQHandler
                0x0000000008002280       0x14 Core/Src/stm32l4xx_it.o
                0x0000000008002280                USART1_IRQHandler
 .text.EXTI15_10_IRQHandler
                0x0000000008002294       0x10 Core/Src/stm32l4xx_it.o
                0x0000000008002294                EXTI15_10_IRQHandler
 .text._sbrk    0x00000000080022a4       0x6c Core/Src/sysmem.o
                0x00000000080022a4                _sbrk
 .text.SystemInit
                0x0000000008002310       0x6c Core/Src/system_stm32l4xx.o
                0x0000000008002310                SystemInit
 .text.MX_TIM16_Init
                0x000000000800237c       0x50 Core/Src/tim.o
                0x000000000800237c                MX_TIM16_Init
 .text.HAL_TIM_Base_MspInit
                0x00000000080023cc       0x4c Core/Src/tim.o
                0x00000000080023cc                HAL_TIM_Base_MspInit
 .text.MX_USART1_UART_Init
                0x0000000008002418       0x60 Core/Src/usart.o
                0x0000000008002418                MX_USART1_UART_Init
 .text.MX_USART2_UART_Init
                0x0000000008002478       0x60 Core/Src/usart.o
                0x0000000008002478                MX_USART2_UART_Init
 .text.HAL_UART_MspInit
                0x00000000080024d8       0xf8 Core/Src/usart.o
                0x00000000080024d8                HAL_UART_MspInit
 .text.Reset_Handler
                0x00000000080025d0       0x50 Core/Startup/startup_stm32l476rgtx.o
                0x00000000080025d0                Reset_Handler
 .text.Default_Handler
                0x0000000008002620        0x2 Core/Startup/startup_stm32l476rgtx.o
                0x0000000008002620                RTC_Alarm_IRQHandler
                0x0000000008002620                EXTI2_IRQHandler
                0x0000000008002620                TIM8_TRG_COM_IRQHandler
                0x0000000008002620                TIM8_CC_IRQHandler
                0x0000000008002620                TIM1_CC_IRQHandler
                0x0000000008002620                TSC_IRQHandler
                0x0000000008002620                TAMP_STAMP_IRQHandler
                0x0000000008002620                EXTI3_IRQHandler
                0x0000000008002620                LPTIM2_IRQHandler
                0x0000000008002620                DFSDM1_FLT1_IRQHandler
                0x0000000008002620                I2C3_ER_IRQHandler
                0x0000000008002620                DFSDM1_FLT2_IRQHandler
                0x0000000008002620                EXTI0_IRQHandler
                0x0000000008002620                I2C2_EV_IRQHandler
                0x0000000008002620                CAN1_RX0_IRQHandler
                0x0000000008002620                FPU_IRQHandler
                0x0000000008002620                ADC1_2_IRQHandler
                0x0000000008002620                SPI1_IRQHandler
                0x0000000008002620                TIM6_DAC_IRQHandler
                0x0000000008002620                TIM8_UP_IRQHandler
                0x0000000008002620                DMA2_Channel2_IRQHandler
                0x0000000008002620                DMA1_Channel4_IRQHandler
                0x0000000008002620                SAI2_IRQHandler
                0x0000000008002620                DFSDM1_FLT3_IRQHandler
                0x0000000008002620                USART3_IRQHandler
                0x0000000008002620                DMA1_Channel7_IRQHandler
                0x0000000008002620                CAN1_RX1_IRQHandler
                0x0000000008002620                LCD_IRQHandler
                0x0000000008002620                UART5_IRQHandler
                0x0000000008002620                ADC3_IRQHandler
                0x0000000008002620                TIM4_IRQHandler
                0x0000000008002620                DMA2_Channel1_IRQHandler
                0x0000000008002620                QUADSPI_IRQHandler
                0x0000000008002620                I2C1_EV_IRQHandler
                0x0000000008002620                DMA1_Channel6_IRQHandler
                0x0000000008002620                UART4_IRQHandler
                0x0000000008002620                DMA2_Channel4_IRQHandler
                0x0000000008002620                TIM3_IRQHandler
                0x0000000008002620                RCC_IRQHandler
                0x0000000008002620                DMA1_Channel1_IRQHandler
                0x0000000008002620                Default_Handler
                0x0000000008002620                DMA2_Channel7_IRQHandler
                0x0000000008002620                TIM7_IRQHandler
                0x0000000008002620                SDMMC1_IRQHandler
                0x0000000008002620                TIM5_IRQHandler
                0x0000000008002620                I2C3_EV_IRQHandler
                0x0000000008002620                EXTI9_5_IRQHandler
                0x0000000008002620                RTC_WKUP_IRQHandler
                0x0000000008002620                PVD_PVM_IRQHandler
                0x0000000008002620                SPI2_IRQHandler
                0x0000000008002620                CAN1_TX_IRQHandler
                0x0000000008002620                DMA2_Channel5_IRQHandler
                0x0000000008002620                DMA1_Channel5_IRQHandler
                0x0000000008002620                EXTI4_IRQHandler
                0x0000000008002620                RNG_IRQHandler
                0x0000000008002620                TIM1_TRG_COM_TIM17_IRQHandler
                0x0000000008002620                DMA1_Channel3_IRQHandler
                0x0000000008002620                COMP_IRQHandler
                0x0000000008002620                WWDG_IRQHandler
                0x0000000008002620                LPUART1_IRQHandler
                0x0000000008002620                DMA2_Channel6_IRQHandler
                0x0000000008002620                TIM2_IRQHandler
                0x0000000008002620                EXTI1_IRQHandler
                0x0000000008002620                USART2_IRQHandler
                0x0000000008002620                DFSDM1_FLT0_IRQHandler
                0x0000000008002620                I2C2_ER_IRQHandler
                0x0000000008002620                DMA1_Channel2_IRQHandler
                0x0000000008002620                TIM8_BRK_IRQHandler
                0x0000000008002620                CAN1_SCE_IRQHandler
                0x0000000008002620                FLASH_IRQHandler
                0x0000000008002620                OTG_FS_IRQHandler
                0x0000000008002620                SPI3_IRQHandler
                0x0000000008002620                I2C1_ER_IRQHandler
                0x0000000008002620                FMC_IRQHandler
                0x0000000008002620                SWPMI1_IRQHandler
                0x0000000008002620                LPTIM1_IRQHandler
                0x0000000008002620                SAI1_IRQHandler
                0x0000000008002620                DMA2_Channel3_IRQHandler
                0x0000000008002620                TIM1_BRK_TIM15_IRQHandler
 *fill*         0x0000000008002622        0x2 
 .text.HAL_Init
                0x0000000008002624       0x40 Drivers/STM32L4xx_HAL_Driver/Src/stm32l4xx_hal.o
                0x0000000008002624                HAL_Init
 .text.HAL_InitTick
                0x0000000008002664       0x78 Drivers/STM32L4xx_HAL_Driver/Src/stm32l4xx_hal.o
                0x0000000008002664                HAL_InitTick
 .text.HAL_IncTick
                0x00000000080026dc       0x28 Drivers/STM32L4xx_HAL_Driver/Src/stm32l4xx_hal.o
                0x00000000080026dc                HAL_IncTick
 .text.HAL_GetTick
                0x0000000008002704       0x18 Drivers/STM32L4xx_HAL_Driver/Src/stm32l4xx_hal.o
                0x0000000008002704                HAL_GetTick
 .text.HAL_Delay
                0x000000000800271c       0x48 Drivers/STM32L4xx_HAL_Driver/Src/stm32l4xx_hal.o
                0x000000000800271c                HAL_Delay
 .text.__NVIC_SetPriorityGrouping
                0x0000000008002764       0x48 Drivers/STM32L4xx_HAL_Driver/Src/stm32l4xx_hal_cortex.o
 .text.__NVIC_GetPriorityGrouping
                0x00000000080027ac       0x1c Drivers/STM32L4xx_HAL_Driver/Src/stm32l4xx_hal_cortex.o
 .text.__NVIC_EnableIRQ
                0x00000000080027c8       0x3c Drivers/STM32L4xx_HAL_Driver/Src/stm32l4xx_hal_cortex.o
 .text.__NVIC_SetPriority
                0x0000000008002804       0x54 Drivers/STM32L4xx_HAL_Driver/Src/stm32l4xx_hal_cortex.o
 .text.NVIC_EncodePriority
                0x0000000008002858       0x66 Drivers/STM32L4xx_HAL_Driver/Src/stm32l4xx_hal_cortex.o
 *fill*         0x00000000080028be        0x2 
 .text.SysTick_Config
                0x00000000080028c0       0x44 Drivers/STM32L4xx_HAL_Driver/Src/stm32l4xx_hal_cortex.o
 .text.HAL_NVIC_SetPriorityGrouping
                0x0000000008002904       0x16 Drivers/STM32L4xx_HAL_Driver/Src/stm32l4xx_hal_cortex.o
                0x0000000008002904                HAL_NVIC_SetPriorityGrouping
 .text.HAL_NVIC_SetPriority
                0x000000000800291a       0x38 Drivers/STM32L4xx_HAL_Driver/Src/stm32l4xx_hal_cortex.o
                0x000000000800291a                HAL_NVIC_SetPriority
 .text.HAL_NVIC_EnableIRQ
                0x0000000008002952       0x1c Drivers/STM32L4xx_HAL_Driver/Src/stm32l4xx_hal_cortex.o
                0x0000000008002952                HAL_NVIC_EnableIRQ
 .text.HAL_SYSTICK_Config
                0x000000000800296e       0x18 Drivers/STM32L4xx_HAL_Driver/Src/stm32l4xx_hal_cortex.o
                0x000000000800296e                HAL_SYSTICK_Config
 .text.HAL_DMA_Abort
                0x0000000008002986       0x7c Drivers/STM32L4xx_HAL_Driver/Src/stm32l4xx_hal_dma.o
                0x0000000008002986                HAL_DMA_Abort
 .text.HAL_DMA_Abort_IT
                0x0000000008002a02       0x82 Drivers/STM32L4xx_HAL_Driver/Src/stm32l4xx_hal_dma.o
                0x0000000008002a02                HAL_DMA_Abort_IT
 .text.HAL_GPIO_Init
                0x0000000008002a84      0x354 Drivers/STM32L4xx_HAL_Driver/Src/stm32l4xx_hal_gpio.o
                0x0000000008002a84                HAL_GPIO_Init
 .text.HAL_GPIO_ReadPin
                0x0000000008002dd8       0x30 Drivers/STM32L4xx_HAL_Driver/Src/stm32l4xx_hal_gpio.o
                0x0000000008002dd8                HAL_GPIO_ReadPin
 .text.HAL_GPIO_WritePin
                0x0000000008002e08       0x30 Drivers/STM32L4xx_HAL_Driver/Src/stm32l4xx_hal_gpio.o
                0x0000000008002e08                HAL_GPIO_WritePin
 .text.HAL_GPIO_EXTI_IRQHandler
                0x0000000008002e38       0x30 Drivers/STM32L4xx_HAL_Driver/Src/stm32l4xx_hal_gpio.o
                0x0000000008002e38                HAL_GPIO_EXTI_IRQHandler
 .text.HAL_I2C_Init
                0x0000000008002e68      0x11e Drivers/STM32L4xx_HAL_Driver/Src/stm32l4xx_hal_i2c.o
                0x0000000008002e68                HAL_I2C_Init
 *fill*         0x0000000008002f86        0x2 
 .text.HAL_I2C_Master_Transmit
                0x0000000008002f88      0x1e8 Drivers/STM32L4xx_HAL_Driver/Src/stm32l4xx_hal_i2c.o
                0x0000000008002f88                HAL_I2C_Master_Transmit
 .text.HAL_I2C_Mem_Write
                0x0000000008003170      0x228 Drivers/STM32L4xx_HAL_Driver/Src/stm32l4xx_hal_i2c.o
                0x0000000008003170                HAL_I2C_Mem_Write
 .text.HAL_I2C_Mem_Read
                0x0000000008003398      0x234 Drivers/STM32L4xx_HAL_Driver/Src/stm32l4xx_hal_i2c.o
                0x0000000008003398                HAL_I2C_Mem_Read
 .text.I2C_RequestMemoryWrite
                0x00000000080035cc       0xa8 Drivers/STM32L4xx_HAL_Driver/Src/stm32l4xx_hal_i2c.o
 .text.I2C_RequestMemoryRead
                0x0000000008003674       0xa8 Drivers/STM32L4xx_HAL_Driver/Src/stm32l4xx_hal_i2c.o
 .text.I2C_Flush_TXDR
                0x000000000800371c       0x48 Drivers/STM32L4xx_HAL_Driver/Src/stm32l4xx_hal_i2c.o
 .text.I2C_WaitOnFlagUntilTimeout
                0x0000000008003764       0x80 Drivers/STM32L4xx_HAL_Driver/Src/stm32l4xx_hal_i2c.o
 .text.I2C_WaitOnTXISFlagUntilTimeout
                0x00000000080037e4       0x80 Drivers/STM32L4xx_HAL_Driver/Src/stm32l4xx_hal_i2c.o
 .text.I2C_WaitOnSTOPFlagUntilTimeout
                0x0000000008003864       0x78 Drivers/STM32L4xx_HAL_Driver/Src/stm32l4xx_hal_i2c.o
 .text.I2C_IsAcknowledgeFailed
                0x00000000080038dc       0xcc Drivers/STM32L4xx_HAL_Driver/Src/stm32l4xx_hal_i2c.o
 .text.I2C_TransferConfig
                0x00000000080039a8       0x5c Drivers/STM32L4xx_HAL_Driver/Src/stm32l4xx_hal_i2c.o
 .text.HAL_I2CEx_ConfigAnalogFilter
                0x0000000008003a04       0x96 Drivers/STM32L4xx_HAL_Driver/Src/stm32l4xx_hal_i2c_ex.o
                0x0000000008003a04                HAL_I2CEx_ConfigAnalogFilter
 .text.HAL_I2CEx_ConfigDigitalFilter
                0x0000000008003a9a       0x98 Drivers/STM32L4xx_HAL_Driver/Src/stm32l4xx_hal_i2c_ex.o
                0x0000000008003a9a                HAL_I2CEx_ConfigDigitalFilter
 *fill*         0x0000000008003b32        0x2 
 .text.HAL_PWREx_GetVoltageRange
                0x0000000008003b34       0x1c Drivers/STM32L4xx_HAL_Driver/Src/stm32l4xx_hal_pwr_ex.o
                0x0000000008003b34                HAL_PWREx_GetVoltageRange
 .text.HAL_PWREx_ControlVoltageScaling
                0x0000000008003b50       0xac Drivers/STM32L4xx_HAL_Driver/Src/stm32l4xx_hal_pwr_ex.o
                0x0000000008003b50                HAL_PWREx_ControlVoltageScaling
 .text.HAL_RCC_OscConfig
                0x0000000008003bfc      0x7cc Drivers/STM32L4xx_HAL_Driver/Src/stm32l4xx_hal_rcc.o
                0x0000000008003bfc                HAL_RCC_OscConfig
 .text.HAL_RCC_ClockConfig
                0x00000000080043c8      0x1c4 Drivers/STM32L4xx_HAL_Driver/Src/stm32l4xx_hal_rcc.o
                0x00000000080043c8                HAL_RCC_ClockConfig
 .text.HAL_RCC_GetSysClockFreq
                0x000000000800458c      0x118 Drivers/STM32L4xx_HAL_Driver/Src/stm32l4xx_hal_rcc.o
                0x000000000800458c                HAL_RCC_GetSysClockFreq
 .text.HAL_RCC_GetHCLKFreq
                0x00000000080046a4       0x18 Drivers/STM32L4xx_HAL_Driver/Src/stm32l4xx_hal_rcc.o
                0x00000000080046a4                HAL_RCC_GetHCLKFreq
 .text.HAL_RCC_GetPCLK1Freq
                0x00000000080046bc       0x2c Drivers/STM32L4xx_HAL_Driver/Src/stm32l4xx_hal_rcc.o
                0x00000000080046bc                HAL_RCC_GetPCLK1Freq
 .text.HAL_RCC_GetPCLK2Freq
                0x00000000080046e8       0x2c Drivers/STM32L4xx_HAL_Driver/Src/stm32l4xx_hal_rcc.o
                0x00000000080046e8                HAL_RCC_GetPCLK2Freq
 .text.RCC_SetFlashLatencyFromMSIRange
                0x0000000008004714       0xc0 Drivers/STM32L4xx_HAL_Driver/Src/stm32l4xx_hal_rcc.o
 .text.HAL_RCCEx_PeriphCLKConfig
                0x00000000080047d4      0x5d4 Drivers/STM32L4xx_HAL_Driver/Src/stm32l4xx_hal_rcc_ex.o
                0x00000000080047d4                HAL_RCCEx_PeriphCLKConfig
 .text.RCCEx_PLLSAI1_Config
                0x0000000008004da8      0x1e8 Drivers/STM32L4xx_HAL_Driver/Src/stm32l4xx_hal_rcc_ex.o
 .text.RCCEx_PLLSAI2_Config
                0x0000000008004f90      0x1bc Drivers/STM32L4xx_HAL_Driver/Src/stm32l4xx_hal_rcc_ex.o
 .text.HAL_TIM_Base_Init
                0x000000000800514c       0xae Drivers/STM32L4xx_HAL_Driver/Src/stm32l4xx_hal_tim.o
                0x000000000800514c                HAL_TIM_Base_Init
 *fill*         0x00000000080051fa        0x2 
 .text.HAL_TIM_Base_Start_IT
                0x00000000080051fc       0xe0 Drivers/STM32L4xx_HAL_Driver/Src/stm32l4xx_hal_tim.o
                0x00000000080051fc                HAL_TIM_Base_Start_IT
 .text.HAL_TIM_IRQHandler
                0x00000000080052dc      0x23e Drivers/STM32L4xx_HAL_Driver/Src/stm32l4xx_hal_tim.o
                0x00000000080052dc                HAL_TIM_IRQHandler
 .text.HAL_TIM_OC_DelayElapsedCallback
                0x000000000800551a       0x14 Drivers/STM32L4xx_HAL_Driver/Src/stm32l4xx_hal_tim.o
                0x000000000800551a                HAL_TIM_OC_DelayElapsedCallback
 .text.HAL_TIM_IC_CaptureCallback
                0x000000000800552e       0x14 Drivers/STM32L4xx_HAL_Driver/Src/stm32l4xx_hal_tim.o
                0x000000000800552e                HAL_TIM_IC_CaptureCallback
 .text.HAL_TIM_PWM_PulseFinishedCallback
                0x0000000008005542       0x14 Drivers/STM32L4xx_HAL_Driver/Src/stm32l4xx_hal_tim.o
                0x0000000008005542                HAL_TIM_PWM_PulseFinishedCallback
 .text.HAL_TIM_TriggerCallback
                0x0000000008005556       0x14 Drivers/STM32L4xx_HAL_Driver/Src/stm32l4xx_hal_tim.o
                0x0000000008005556                HAL_TIM_TriggerCallback
 *fill*         0x000000000800556a        0x2 
 .text.TIM_Base_SetConfig
                0x000000000800556c      0x134 Drivers/STM32L4xx_HAL_Driver/Src/stm32l4xx_hal_tim.o
                0x000000000800556c                TIM_Base_SetConfig
 .text.HAL_TIMEx_CommutCallback
                0x00000000080056a0       0x14 Drivers/STM32L4xx_HAL_Driver/Src/stm32l4xx_hal_tim_ex.o
                0x00000000080056a0                HAL_TIMEx_CommutCallback
 .text.HAL_TIMEx_BreakCallback
                0x00000000080056b4       0x14 Drivers/STM32L4xx_HAL_Driver/Src/stm32l4xx_hal_tim_ex.o
                0x00000000080056b4                HAL_TIMEx_BreakCallback
 .text.HAL_TIMEx_Break2Callback
                0x00000000080056c8       0x14 Drivers/STM32L4xx_HAL_Driver/Src/stm32l4xx_hal_tim_ex.o
                0x00000000080056c8                HAL_TIMEx_Break2Callback
 .text.HAL_UART_Init
                0x00000000080056dc       0x9c Drivers/STM32L4xx_HAL_Driver/Src/stm32l4xx_hal_uart.o
                0x00000000080056dc                HAL_UART_Init
 .text.HAL_UART_Transmit
                0x0000000008005778      0x128 Drivers/STM32L4xx_HAL_Driver/Src/stm32l4xx_hal_uart.o
                0x0000000008005778                HAL_UART_Transmit
 .text.HAL_UART_Receive_IT
                0x00000000080058a0       0x88 Drivers/STM32L4xx_HAL_Driver/Src/stm32l4xx_hal_uart.o
                0x00000000080058a0                HAL_UART_Receive_IT
 .text.HAL_UART_IRQHandler
                0x0000000008005928      0x404 Drivers/STM32L4xx_HAL_Driver/Src/stm32l4xx_hal_uart.o
                0x0000000008005928                HAL_UART_IRQHandler
 .text.HAL_UART_TxCpltCallback
                0x0000000008005d2c       0x14 Drivers/STM32L4xx_HAL_Driver/Src/stm32l4xx_hal_uart.o
                0x0000000008005d2c                HAL_UART_TxCpltCallback
 .text.HAL_UART_ErrorCallback
                0x0000000008005d40       0x14 Drivers/STM32L4xx_HAL_Driver/Src/stm32l4xx_hal_uart.o
                0x0000000008005d40                HAL_UART_ErrorCallback
 .text.HAL_UARTEx_RxEventCallback
                0x0000000008005d54       0x18 Drivers/STM32L4xx_HAL_Driver/Src/stm32l4xx_hal_uart.o
                0x0000000008005d54                HAL_UARTEx_RxEventCallback
 .text.UART_SetConfig
                0x0000000008005d6c      0x514 Drivers/STM32L4xx_HAL_Driver/Src/stm32l4xx_hal_uart.o
                0x0000000008005d6c                UART_SetConfig
 .text.UART_AdvFeatureConfig
                0x0000000008006280      0x144 Drivers/STM32L4xx_HAL_Driver/Src/stm32l4xx_hal_uart.o
                0x0000000008006280                UART_AdvFeatureConfig
 .text.UART_CheckIdleState
                0x00000000080063c4       0x92 Drivers/STM32L4xx_HAL_Driver/Src/stm32l4xx_hal_uart.o
                0x00000000080063c4                UART_CheckIdleState
 .text.UART_WaitOnFlagUntilTimeout
                0x0000000008006456       0xf8 Drivers/STM32L4xx_HAL_Driver/Src/stm32l4xx_hal_uart.o
                0x0000000008006456                UART_WaitOnFlagUntilTimeout
 *fill*         0x000000000800654e        0x2 
 .text.UART_Start_Receive_IT
                0x0000000008006550      0x110 Drivers/STM32L4xx_HAL_Driver/Src/stm32l4xx_hal_uart.o
                0x0000000008006550                UART_Start_Receive_IT
 .text.UART_EndRxTransfer
                0x0000000008006660       0x5e Drivers/STM32L4xx_HAL_Driver/Src/stm32l4xx_hal_uart.o
 .text.UART_DMAAbortOnError
                0x00000000080066be       0x2c Drivers/STM32L4xx_HAL_Driver/Src/stm32l4xx_hal_uart.o
 .text.UART_EndTransmit_IT
                0x00000000080066ea       0x32 Drivers/STM32L4xx_HAL_Driver/Src/stm32l4xx_hal_uart.o
 .text.UART_RxISR_8BIT
                0x000000000800671c       0xd8 Drivers/STM32L4xx_HAL_Driver/Src/stm32l4xx_hal_uart.o
 .text.UART_RxISR_16BIT
                0x00000000080067f4       0xd8 Drivers/STM32L4xx_HAL_Driver/Src/stm32l4xx_hal_uart.o
 .text.HAL_UARTEx_WakeupCallback
                0x00000000080068cc       0x14 Drivers/STM32L4xx_HAL_Driver/Src/stm32l4xx_hal_uart_ex.o
                0x00000000080068cc                HAL_UARTEx_WakeupCallback
 .text.__errno  0x00000000080068e0        0xc c:/st/stm32cubeide_1.5.0/stm32cubeide/plugins/com.st.stm32cube.ide.mcu.externaltools.gnu-tools-for-stm32.9-2020-q2-update.win32_1.5.0.202011040924/tools/bin/../lib/gcc/arm-none-eabi/9.3.1/../../../../arm-none-eabi/lib/thumb/v7e-m+fp/hard\libc_nano.a(lib_a-errno.o)
                0x00000000080068e0                __errno
 .text.__libc_init_array
                0x00000000080068ec       0x48 c:/st/stm32cubeide_1.5.0/stm32cubeide/plugins/com.st.stm32cube.ide.mcu.externaltools.gnu-tools-for-stm32.9-2020-q2-update.win32_1.5.0.202011040924/tools/bin/../lib/gcc/arm-none-eabi/9.3.1/../../../../arm-none-eabi/lib/thumb/v7e-m+fp/hard\libc_nano.a(lib_a-init.o)
                0x00000000080068ec                __libc_init_array
 .text.memset   0x0000000008006934       0x10 c:/st/stm32cubeide_1.5.0/stm32cubeide/plugins/com.st.stm32cube.ide.mcu.externaltools.gnu-tools-for-stm32.9-2020-q2-update.win32_1.5.0.202011040924/tools/bin/../lib/gcc/arm-none-eabi/9.3.1/../../../../arm-none-eabi/lib/thumb/v7e-m+fp/hard\libc_nano.a(lib_a-memset.o)
                0x0000000008006934                memset
 .text.sprintf  0x0000000008006944       0x40 c:/st/stm32cubeide_1.5.0/stm32cubeide/plugins/com.st.stm32cube.ide.mcu.externaltools.gnu-tools-for-stm32.9-2020-q2-update.win32_1.5.0.202011040924/tools/bin/../lib/gcc/arm-none-eabi/9.3.1/../../../../arm-none-eabi/lib/thumb/v7e-m+fp/hard\libc_nano.a(lib_a-sprintf.o)
                0x0000000008006944                siprintf
                0x0000000008006944                sprintf
 .text.__ssputs_r
                0x0000000008006984       0xb6 c:/st/stm32cubeide_1.5.0/stm32cubeide/plugins/com.st.stm32cube.ide.mcu.externaltools.gnu-tools-for-stm32.9-2020-q2-update.win32_1.5.0.202011040924/tools/bin/../lib/gcc/arm-none-eabi/9.3.1/../../../../arm-none-eabi/lib/thumb/v7e-m+fp/hard\libc_nano.a(lib_a-nano-svfprintf.o)
                0x0000000008006984                __ssputs_r
 *fill*         0x0000000008006a3a        0x2 
 .text._svfprintf_r
                0x0000000008006a3c      0x200 c:/st/stm32cubeide_1.5.0/stm32cubeide/plugins/com.st.stm32cube.ide.mcu.externaltools.gnu-tools-for-stm32.9-2020-q2-update.win32_1.5.0.202011040924/tools/bin/../lib/gcc/arm-none-eabi/9.3.1/../../../../arm-none-eabi/lib/thumb/v7e-m+fp/hard\libc_nano.a(lib_a-nano-svfprintf.o)
                0x0000000008006a3c                _svfiprintf_r
                0x0000000008006a3c                _svfprintf_r
 .text._printf_common
                0x0000000008006c3c       0xda c:/st/stm32cubeide_1.5.0/stm32cubeide/plugins/com.st.stm32cube.ide.mcu.externaltools.gnu-tools-for-stm32.9-2020-q2-update.win32_1.5.0.202011040924/tools/bin/../lib/gcc/arm-none-eabi/9.3.1/../../../../arm-none-eabi/lib/thumb/v7e-m+fp/hard\libc_nano.a(lib_a-nano-vfprintf_i.o)
                0x0000000008006c3c                _printf_common
 *fill*         0x0000000008006d16        0x2 
 .text._printf_i
                0x0000000008006d18      0x24c c:/st/stm32cubeide_1.5.0/stm32cubeide/plugins/com.st.stm32cube.ide.mcu.externaltools.gnu-tools-for-stm32.9-2020-q2-update.win32_1.5.0.202011040924/tools/bin/../lib/gcc/arm-none-eabi/9.3.1/../../../../arm-none-eabi/lib/thumb/v7e-m+fp/hard\libc_nano.a(lib_a-nano-vfprintf_i.o)
                0x0000000008006d18                _printf_i
 .text.memcpy   0x0000000008006f64       0x1c c:/st/stm32cubeide_1.5.0/stm32cubeide/plugins/com.st.stm32cube.ide.mcu.externaltools.gnu-tools-for-stm32.9-2020-q2-update.win32_1.5.0.202011040924/tools/bin/../lib/gcc/arm-none-eabi/9.3.1/../../../../arm-none-eabi/lib/thumb/v7e-m+fp/hard\libc_nano.a(lib_a-memcpy-stub.o)
                0x0000000008006f64                memcpy
 .text.memmove  0x0000000008006f80       0x34 c:/st/stm32cubeide_1.5.0/stm32cubeide/plugins/com.st.stm32cube.ide.mcu.externaltools.gnu-tools-for-stm32.9-2020-q2-update.win32_1.5.0.202011040924/tools/bin/../lib/gcc/arm-none-eabi/9.3.1/../../../../arm-none-eabi/lib/thumb/v7e-m+fp/hard\libc_nano.a(lib_a-memmove.o)
                0x0000000008006f80                memmove
 .text._free_r  0x0000000008006fb4       0xa0 c:/st/stm32cubeide_1.5.0/stm32cubeide/plugins/com.st.stm32cube.ide.mcu.externaltools.gnu-tools-for-stm32.9-2020-q2-update.win32_1.5.0.202011040924/tools/bin/../lib/gcc/arm-none-eabi/9.3.1/../../../../arm-none-eabi/lib/thumb/v7e-m+fp/hard\libc_nano.a(lib_a-nano-freer.o)
                0x0000000008006fb4                _free_r
 .text._malloc_r
                0x0000000008007054       0xb4 c:/st/stm32cubeide_1.5.0/stm32cubeide/plugins/com.st.stm32cube.ide.mcu.externaltools.gnu-tools-for-stm32.9-2020-q2-update.win32_1.5.0.202011040924/tools/bin/../lib/gcc/arm-none-eabi/9.3.1/../../../../arm-none-eabi/lib/thumb/v7e-m+fp/hard\libc_nano.a(lib_a-nano-mallocr.o)
                0x0000000008007054                _malloc_r
 .text._realloc_r
                0x0000000008007108       0x4c c:/st/stm32cubeide_1.5.0/stm32cubeide/plugins/com.st.stm32cube.ide.mcu.externaltools.gnu-tools-for-stm32.9-2020-q2-update.win32_1.5.0.202011040924/tools/bin/../lib/gcc/arm-none-eabi/9.3.1/../../../../arm-none-eabi/lib/thumb/v7e-m+fp/hard\libc_nano.a(lib_a-nano-reallocr.o)
                0x0000000008007108                _realloc_r
 .text._sbrk_r  0x0000000008007154       0x20 c:/st/stm32cubeide_1.5.0/stm32cubeide/plugins/com.st.stm32cube.ide.mcu.externaltools.gnu-tools-for-stm32.9-2020-q2-update.win32_1.5.0.202011040924/tools/bin/../lib/gcc/arm-none-eabi/9.3.1/../../../../arm-none-eabi/lib/thumb/v7e-m+fp/hard\libc_nano.a(lib_a-sbrkr.o)
                0x0000000008007154                _sbrk_r
 .text.__malloc_lock
                0x0000000008007174        0xc c:/st/stm32cubeide_1.5.0/stm32cubeide/plugins/com.st.stm32cube.ide.mcu.externaltools.gnu-tools-for-stm32.9-2020-q2-update.win32_1.5.0.202011040924/tools/bin/../lib/gcc/arm-none-eabi/9.3.1/../../../../arm-none-eabi/lib/thumb/v7e-m+fp/hard\libc_nano.a(lib_a-mlock.o)
                0x0000000008007174                __malloc_lock
 .text.__malloc_unlock
                0x0000000008007180        0xc c:/st/stm32cubeide_1.5.0/stm32cubeide/plugins/com.st.stm32cube.ide.mcu.externaltools.gnu-tools-for-stm32.9-2020-q2-update.win32_1.5.0.202011040924/tools/bin/../lib/gcc/arm-none-eabi/9.3.1/../../../../arm-none-eabi/lib/thumb/v7e-m+fp/hard\libc_nano.a(lib_a-mlock.o)
                0x0000000008007180                __malloc_unlock
 .text._malloc_usable_size_r
                0x000000000800718c       0x10 c:/st/stm32cubeide_1.5.0/stm32cubeide/plugins/com.st.stm32cube.ide.mcu.externaltools.gnu-tools-for-stm32.9-2020-q2-update.win32_1.5.0.202011040924/tools/bin/../lib/gcc/arm-none-eabi/9.3.1/../../../../arm-none-eabi/lib/thumb/v7e-m+fp/hard\libc_nano.a(lib_a-nano-msizer.o)
                0x000000000800718c                _malloc_usable_size_r
 .text.__retarget_lock_acquire_recursive
                0x000000000800719c        0x2 c:/st/stm32cubeide_1.5.0/stm32cubeide/plugins/com.st.stm32cube.ide.mcu.externaltools.gnu-tools-for-stm32.9-2020-q2-update.win32_1.5.0.202011040924/tools/bin/../lib/gcc/arm-none-eabi/9.3.1/../../../../arm-none-eabi/lib/thumb/v7e-m+fp/hard\libc_nano.a(lib_a-lock.o)
                0x000000000800719c                __retarget_lock_acquire_recursive
 .text.__retarget_lock_release_recursive
                0x000000000800719e        0x2 c:/st/stm32cubeide_1.5.0/stm32cubeide/plugins/com.st.stm32cube.ide.mcu.externaltools.gnu-tools-for-stm32.9-2020-q2-update.win32_1.5.0.202011040924/tools/bin/../lib/gcc/arm-none-eabi/9.3.1/../../../../arm-none-eabi/lib/thumb/v7e-m+fp/hard\libc_nano.a(lib_a-lock.o)
                0x000000000800719e                __retarget_lock_release_recursive
 *(.glue_7)
 .glue_7        0x00000000080071a0        0x0 linker stubs
 *(.glue_7t)
 .glue_7t       0x00000000080071a0        0x0 linker stubs
 *(.eh_frame)
 .eh_frame      0x00000000080071a0        0x0 c:/st/stm32cubeide_1.5.0/stm32cubeide/plugins/com.st.stm32cube.ide.mcu.externaltools.gnu-tools-for-stm32.9-2020-q2-update.win32_1.5.0.202011040924/tools/bin/../lib/gcc/arm-none-eabi/9.3.1/thumb/v7e-m+fp/hard/crtbegin.o
 *(.init)
 .init          0x00000000080071a0        0x4 c:/st/stm32cubeide_1.5.0/stm32cubeide/plugins/com.st.stm32cube.ide.mcu.externaltools.gnu-tools-for-stm32.9-2020-q2-update.win32_1.5.0.202011040924/tools/bin/../lib/gcc/arm-none-eabi/9.3.1/thumb/v7e-m+fp/hard/crti.o
                0x00000000080071a0                _init
 .init          0x00000000080071a4        0x8 c:/st/stm32cubeide_1.5.0/stm32cubeide/plugins/com.st.stm32cube.ide.mcu.externaltools.gnu-tools-for-stm32.9-2020-q2-update.win32_1.5.0.202011040924/tools/bin/../lib/gcc/arm-none-eabi/9.3.1/thumb/v7e-m+fp/hard/crtn.o
 *(.fini)
 .fini          0x00000000080071ac        0x4 c:/st/stm32cubeide_1.5.0/stm32cubeide/plugins/com.st.stm32cube.ide.mcu.externaltools.gnu-tools-for-stm32.9-2020-q2-update.win32_1.5.0.202011040924/tools/bin/../lib/gcc/arm-none-eabi/9.3.1/thumb/v7e-m+fp/hard/crti.o
                0x00000000080071ac                _fini
 .fini          0x00000000080071b0        0x8 c:/st/stm32cubeide_1.5.0/stm32cubeide/plugins/com.st.stm32cube.ide.mcu.externaltools.gnu-tools-for-stm32.9-2020-q2-update.win32_1.5.0.202011040924/tools/bin/../lib/gcc/arm-none-eabi/9.3.1/thumb/v7e-m+fp/hard/crtn.o
                0x00000000080071b8                . = ALIGN (0x4)
                0x00000000080071b8                _etext = .

.vfp11_veneer   0x00000000080071b8        0x0
 .vfp11_veneer  0x00000000080071b8        0x0 linker stubs

.v4_bx          0x00000000080071b8        0x0
 .v4_bx         0x00000000080071b8        0x0 linker stubs

.iplt           0x00000000080071b8        0x0
 .iplt          0x00000000080071b8        0x0 c:/st/stm32cubeide_1.5.0/stm32cubeide/plugins/com.st.stm32cube.ide.mcu.externaltools.gnu-tools-for-stm32.9-2020-q2-update.win32_1.5.0.202011040924/tools/bin/../lib/gcc/arm-none-eabi/9.3.1/thumb/v7e-m+fp/hard/crtbegin.o

.rodata         0x00000000080071b8      0x118
                0x00000000080071b8                . = ALIGN (0x4)
 *(.rodata)
 .rodata        0x00000000080071b8       0x3e Core/Src/Bluetooth.o
 *fill*         0x00000000080071f6        0x2 
 .rodata        0x00000000080071f8       0x5a Core/Src/DispParam.o
 *(.rodata*)
 *fill*         0x0000000008007252        0x2 
 .rodata.AHBPrescTable
                0x0000000008007254       0x10 Core/Src/system_stm32l4xx.o
                0x0000000008007254                AHBPrescTable
 .rodata.APBPrescTable
                0x0000000008007264        0x8 Core/Src/system_stm32l4xx.o
                0x0000000008007264                APBPrescTable
 .rodata.MSIRangeTable
                0x000000000800726c       0x30 Core/Src/system_stm32l4xx.o
                0x000000000800726c                MSIRangeTable
 .rodata._svfprintf_r.str1.1
                0x000000000800729c       0x11 c:/st/stm32cubeide_1.5.0/stm32cubeide/plugins/com.st.stm32cube.ide.mcu.externaltools.gnu-tools-for-stm32.9-2020-q2-update.win32_1.5.0.202011040924/tools/bin/../lib/gcc/arm-none-eabi/9.3.1/../../../../arm-none-eabi/lib/thumb/v7e-m+fp/hard\libc_nano.a(lib_a-nano-svfprintf.o)
 .rodata._printf_i.str1.1
                0x00000000080072ad       0x22 c:/st/stm32cubeide_1.5.0/stm32cubeide/plugins/com.st.stm32cube.ide.mcu.externaltools.gnu-tools-for-stm32.9-2020-q2-update.win32_1.5.0.202011040924/tools/bin/../lib/gcc/arm-none-eabi/9.3.1/../../../../arm-none-eabi/lib/thumb/v7e-m+fp/hard\libc_nano.a(lib_a-nano-vfprintf_i.o)
                0x00000000080072d0                . = ALIGN (0x4)
 *fill*         0x00000000080072cf        0x1 

.ARM.extab      0x00000000080072d0        0x0
                0x00000000080072d0                . = ALIGN (0x4)
 *(.ARM.extab* .gnu.linkonce.armextab.*)
                0x00000000080072d0                . = ALIGN (0x4)

.ARM            0x00000000080072d0        0x8
                0x00000000080072d0                . = ALIGN (0x4)
                0x00000000080072d0                __exidx_start = .
 *(.ARM.exidx*)
 .ARM.exidx     0x00000000080072d0        0x8 c:/st/stm32cubeide_1.5.0/stm32cubeide/plugins/com.st.stm32cube.ide.mcu.externaltools.gnu-tools-for-stm32.9-2020-q2-update.win32_1.5.0.202011040924/tools/bin/../lib/gcc/arm-none-eabi/9.3.1/thumb/v7e-m+fp/hard\libgcc.a(_udivmoddi4.o)
                0x00000000080072d8                __exidx_end = .
                0x00000000080072d8                . = ALIGN (0x4)

.rel.dyn        0x00000000080072d8        0x0
 .rel.iplt      0x00000000080072d8        0x0 c:/st/stm32cubeide_1.5.0/stm32cubeide/plugins/com.st.stm32cube.ide.mcu.externaltools.gnu-tools-for-stm32.9-2020-q2-update.win32_1.5.0.202011040924/tools/bin/../lib/gcc/arm-none-eabi/9.3.1/thumb/v7e-m+fp/hard/crtbegin.o

.preinit_array  0x00000000080072d8        0x0
                0x00000000080072d8                . = ALIGN (0x4)
                0x00000000080072d8                PROVIDE (__preinit_array_start = .)
 *(.preinit_array*)
                0x00000000080072d8                PROVIDE (__preinit_array_end = .)
                0x00000000080072d8                . = ALIGN (0x4)

.init_array     0x00000000080072d8        0x4
                0x00000000080072d8                . = ALIGN (0x4)
                0x00000000080072d8                PROVIDE (__init_array_start = .)
 *(SORT_BY_NAME(.init_array.*))
 *(.init_array*)
 .init_array    0x00000000080072d8        0x4 c:/st/stm32cubeide_1.5.0/stm32cubeide/plugins/com.st.stm32cube.ide.mcu.externaltools.gnu-tools-for-stm32.9-2020-q2-update.win32_1.5.0.202011040924/tools/bin/../lib/gcc/arm-none-eabi/9.3.1/thumb/v7e-m+fp/hard/crtbegin.o
                0x00000000080072dc                PROVIDE (__init_array_end = .)
                0x00000000080072dc                . = ALIGN (0x4)

.fini_array     0x00000000080072dc        0x4
                0x00000000080072dc                . = ALIGN (0x4)
                [!provide]                        PROVIDE (__fini_array_start = .)
 *(SORT_BY_NAME(.fini_array.*))
 *(.fini_array*)
 .fini_array    0x00000000080072dc        0x4 c:/st/stm32cubeide_1.5.0/stm32cubeide/plugins/com.st.stm32cube.ide.mcu.externaltools.gnu-tools-for-stm32.9-2020-q2-update.win32_1.5.0.202011040924/tools/bin/../lib/gcc/arm-none-eabi/9.3.1/thumb/v7e-m+fp/hard/crtbegin.o
                [!provide]                        PROVIDE (__fini_array_end = .)
                0x00000000080072e0                . = ALIGN (0x4)
                0x00000000080072e0                _sidata = LOADADDR (.data)

.data           0x0000000020000000       0x70 load address 0x00000000080072e0
                0x0000000020000000                . = ALIGN (0x4)
                0x0000000020000000                _sdata = .
 *(.data)
 *(.data*)
 .data.SystemCoreClock
                0x0000000020000000        0x4 Core/Src/system_stm32l4xx.o
                0x0000000020000000                SystemCoreClock
 .data.uwTickPrio
                0x0000000020000004        0x4 Drivers/STM32L4xx_HAL_Driver/Src/stm32l4xx_hal.o
                0x0000000020000004                uwTickPrio
 .data.uwTickFreq
                0x0000000020000008        0x1 Drivers/STM32L4xx_HAL_Driver/Src/stm32l4xx_hal.o
                0x0000000020000008                uwTickFreq
 *fill*         0x0000000020000009        0x3 
 .data._impure_ptr
                0x000000002000000c        0x4 c:/st/stm32cubeide_1.5.0/stm32cubeide/plugins/com.st.stm32cube.ide.mcu.externaltools.gnu-tools-for-stm32.9-2020-q2-update.win32_1.5.0.202011040924/tools/bin/../lib/gcc/arm-none-eabi/9.3.1/../../../../arm-none-eabi/lib/thumb/v7e-m+fp/hard\libc_nano.a(lib_a-impure.o)
                0x000000002000000c                _impure_ptr
 .data.impure_data
                0x0000000020000010       0x60 c:/st/stm32cubeide_1.5.0/stm32cubeide/plugins/com.st.stm32cube.ide.mcu.externaltools.gnu-tools-for-stm32.9-2020-q2-update.win32_1.5.0.202011040924/tools/bin/../lib/gcc/arm-none-eabi/9.3.1/../../../../arm-none-eabi/lib/thumb/v7e-m+fp/hard\libc_nano.a(lib_a-impure.o)
 *(.RamFunc)
 *(.RamFunc*)
                0x0000000020000070                . = ALIGN (0x4)
                0x0000000020000070                _edata = .

.igot.plt       0x0000000020000070        0x0 load address 0x0000000008007350
 .igot.plt      0x0000000020000070        0x0 c:/st/stm32cubeide_1.5.0/stm32cubeide/plugins/com.st.stm32cube.ide.mcu.externaltools.gnu-tools-for-stm32.9-2020-q2-update.win32_1.5.0.202011040924/tools/bin/../lib/gcc/arm-none-eabi/9.3.1/thumb/v7e-m+fp/hard/crtbegin.o
                0x0000000020000070                . = ALIGN (0x4)

.bss            0x0000000020000070      0x24c load address 0x0000000008007350
                0x0000000020000070                _sbss = .
                0x0000000020000070                __bss_start__ = _sbss
 *(.bss)
 .bss           0x0000000020000070       0x1c c:/st/stm32cubeide_1.5.0/stm32cubeide/plugins/com.st.stm32cube.ide.mcu.externaltools.gnu-tools-for-stm32.9-2020-q2-update.win32_1.5.0.202011040924/tools/bin/../lib/gcc/arm-none-eabi/9.3.1/thumb/v7e-m+fp/hard/crtbegin.o
 *(.bss*)
 .bss.Presence  0x000000002000008c        0x1 Core/Src/DHT.o
                0x000000002000008c                Presence
 *fill*         0x000000002000008d        0x3 
 .bss.ReadDataFlag
                0x0000000020000090        0x4 Core/Src/main.o
                0x0000000020000090                ReadDataFlag
 .bss.ButtonFlag
                0x0000000020000094        0x4 Core/Src/main.o
                0x0000000020000094                ButtonFlag
 .bss.SendDataFlag
                0x0000000020000098        0x4 Core/Src/main.o
                0x0000000020000098                SendDataFlag
 .bss.position  0x000000002000009c        0x4 Core/Src/main.o
                0x000000002000009c                position
 .bss.__sbrk_heap_end
                0x00000000200000a0        0x4 Core/Src/sysmem.o
 .bss.__malloc_free_list
                0x00000000200000a4        0x4 c:/st/stm32cubeide_1.5.0/stm32cubeide/plugins/com.st.stm32cube.ide.mcu.externaltools.gnu-tools-for-stm32.9-2020-q2-update.win32_1.5.0.202011040924/tools/bin/../lib/gcc/arm-none-eabi/9.3.1/../../../../arm-none-eabi/lib/thumb/v7e-m+fp/hard\libc_nano.a(lib_a-nano-mallocr.o)
                0x00000000200000a4                __malloc_free_list
 .bss.__malloc_sbrk_start
                0x00000000200000a8        0x4 c:/st/stm32cubeide_1.5.0/stm32cubeide/plugins/com.st.stm32cube.ide.mcu.externaltools.gnu-tools-for-stm32.9-2020-q2-update.win32_1.5.0.202011040924/tools/bin/../lib/gcc/arm-none-eabi/9.3.1/../../../../arm-none-eabi/lib/thumb/v7e-m+fp/hard\libc_nano.a(lib_a-nano-mallocr.o)
                0x00000000200000a8                __malloc_sbrk_start
 *(COMMON)
 COMMON         0x00000000200000ac        0x7 Core/Src/DHT.o
                0x00000000200000ac                Rh_byte1
                0x00000000200000ad                Temp_byte1
                0x00000000200000ae                Rh_byte2
                0x00000000200000b0                SUM
                0x00000000200000b2                Temp_byte2
 *fill*         0x00000000200000b3        0x1 
 COMMON         0x00000000200000b4       0x4c Core/Src/i2c.o
                0x00000000200000b4                hi2c2
 COMMON         0x0000000020000100       0x54 Core/Src/main.o
                0x0000000020000100                znak1
                0x0000000020000108                pressure
                0x0000000020000110                Weather_param
                0x0000000020000128                DHT_Data
                0x0000000020000130                disp
 COMMON         0x0000000020000154       0x4c Core/Src/tim.o
                0x0000000020000154                htim16
 COMMON         0x00000000200001a0      0x108 Core/Src/usart.o
                0x00000000200001a0                huart1
                0x0000000020000224                huart2
 COMMON         0x00000000200002a8        0x4 Drivers/STM32L4xx_HAL_Driver/Src/stm32l4xx_hal.o
                0x00000000200002a8                uwTick
 COMMON         0x00000000200002ac        0x4 c:/st/stm32cubeide_1.5.0/stm32cubeide/plugins/com.st.stm32cube.ide.mcu.externaltools.gnu-tools-for-stm32.9-2020-q2-update.win32_1.5.0.202011040924/tools/bin/../lib/gcc/arm-none-eabi/9.3.1/../../../../arm-none-eabi/lib/thumb/v7e-m+fp/hard\libc_nano.a(lib_a-reent.o)
                0x00000000200002ac                errno
 COMMON         0x00000000200002b0        0x9 c:/st/stm32cubeide_1.5.0/stm32cubeide/plugins/com.st.stm32cube.ide.mcu.externaltools.gnu-tools-for-stm32.9-2020-q2-update.win32_1.5.0.202011040924/tools/bin/../lib/gcc/arm-none-eabi/9.3.1/../../../../arm-none-eabi/lib/thumb/v7e-m+fp/hard\libc_nano.a(lib_a-lock.o)
                0x00000000200002b0                __lock___atexit_recursive_mutex
                0x00000000200002b1                __lock___arc4random_mutex
                0x00000000200002b2                __lock___env_recursive_mutex
                0x00000000200002b3                __lock___sinit_recursive_mutex
                0x00000000200002b4                __lock___malloc_recursive_mutex
                0x00000000200002b5                __lock___at_quick_exit_mutex
                0x00000000200002b6                __lock___dd_hash_mutex
                0x00000000200002b7                __lock___tz_mutex
                0x00000000200002b8                __lock___sfp_recursive_mutex
                0x00000000200002bc                . = ALIGN (0x4)
 *fill*         0x00000000200002b9        0x3 
                0x00000000200002bc                _ebss = .
                0x00000000200002bc                __bss_end__ = _ebss

._user_heap_stack
                0x00000000200002bc      0x604 load address 0x0000000008007350
                0x00000000200002c0                . = ALIGN (0x8)
 *fill*         0x00000000200002bc        0x4 
                [!provide]                        PROVIDE (end = .)
                0x00000000200002c0                PROVIDE (_end = .)
                0x00000000200004c0                . = (. + _Min_Heap_Size)
 *fill*         0x00000000200002c0      0x200 
                0x00000000200008c0                . = (. + _Min_Stack_Size)
 *fill*         0x00000000200004c0      0x400 
                0x00000000200008c0                . = ALIGN (0x8)

/DISCARD/
 libc.a(*)
 libm.a(*)
 libgcc.a(*)

.ARM.attributes
                0x0000000000000000       0x30
 *(.ARM.attributes)
 .ARM.attributes
                0x0000000000000000       0x1e c:/st/stm32cubeide_1.5.0/stm32cubeide/plugins/com.st.stm32cube.ide.mcu.externaltools.gnu-tools-for-stm32.9-2020-q2-update.win32_1.5.0.202011040924/tools/bin/../lib/gcc/arm-none-eabi/9.3.1/thumb/v7e-m+fp/hard/crti.o
 .ARM.attributes
                0x000000000000001e       0x34 c:/st/stm32cubeide_1.5.0/stm32cubeide/plugins/com.st.stm32cube.ide.mcu.externaltools.gnu-tools-for-stm32.9-2020-q2-update.win32_1.5.0.202011040924/tools/bin/../lib/gcc/arm-none-eabi/9.3.1/thumb/v7e-m+fp/hard/crtbegin.o
 .ARM.attributes
                0x0000000000000052       0x34 Core/Src/Bluetooth.o
 .ARM.attributes
                0x0000000000000086       0x34 Core/Src/DHT.o
 .ARM.attributes
                0x00000000000000ba       0x34 Core/Src/DispParam.o
 .ARM.attributes
                0x00000000000000ee       0x34 Core/Src/bmp180.o
 .ARM.attributes
                0x0000000000000122       0x34 Core/Src/gpio.o
 .ARM.attributes
                0x0000000000000156       0x34 Core/Src/i2c.o
 .ARM.attributes
                0x000000000000018a       0x34 Core/Src/lcd_i2c.o
 .ARM.attributes
                0x00000000000001be       0x34 Core/Src/main.o
 .ARM.attributes
                0x00000000000001f2       0x34 Core/Src/stm32l4xx_hal_msp.o
 .ARM.attributes
                0x0000000000000226       0x34 Core/Src/stm32l4xx_it.o
 .ARM.attributes
                0x000000000000025a       0x34 Core/Src/sysmem.o
 .ARM.attributes
                0x000000000000028e       0x34 Core/Src/system_stm32l4xx.o
 .ARM.attributes
                0x00000000000002c2       0x34 Core/Src/tim.o
 .ARM.attributes
                0x00000000000002f6       0x34 Core/Src/usart.o
 .ARM.attributes
                0x000000000000032a       0x21 Core/Startup/startup_stm32l476rgtx.o
 .ARM.attributes
                0x000000000000034b       0x34 Drivers/STM32L4xx_HAL_Driver/Src/stm32l4xx_hal.o
 .ARM.attributes
                0x000000000000037f       0x34 Drivers/STM32L4xx_HAL_Driver/Src/stm32l4xx_hal_cortex.o
 .ARM.attributes
                0x00000000000003b3       0x34 Drivers/STM32L4xx_HAL_Driver/Src/stm32l4xx_hal_dma.o
 .ARM.attributes
                0x00000000000003e7       0x34 Drivers/STM32L4xx_HAL_Driver/Src/stm32l4xx_hal_gpio.o
 .ARM.attributes
                0x000000000000041b       0x34 Drivers/STM32L4xx_HAL_Driver/Src/stm32l4xx_hal_i2c.o
 .ARM.attributes
                0x000000000000044f       0x34 Drivers/STM32L4xx_HAL_Driver/Src/stm32l4xx_hal_i2c_ex.o
 .ARM.attributes
                0x0000000000000483       0x34 Drivers/STM32L4xx_HAL_Driver/Src/stm32l4xx_hal_pwr_ex.o
 .ARM.attributes
                0x00000000000004b7       0x34 Drivers/STM32L4xx_HAL_Driver/Src/stm32l4xx_hal_rcc.o
 .ARM.attributes
                0x00000000000004eb       0x34 Drivers/STM32L4xx_HAL_Driver/Src/stm32l4xx_hal_rcc_ex.o
 .ARM.attributes
                0x000000000000051f       0x34 Drivers/STM32L4xx_HAL_Driver/Src/stm32l4xx_hal_tim.o
 .ARM.attributes
                0x0000000000000553       0x34 Drivers/STM32L4xx_HAL_Driver/Src/stm32l4xx_hal_tim_ex.o
 .ARM.attributes
                0x0000000000000587       0x34 Drivers/STM32L4xx_HAL_Driver/Src/stm32l4xx_hal_uart.o
 .ARM.attributes
                0x00000000000005bb       0x34 Drivers/STM32L4xx_HAL_Driver/Src/stm32l4xx_hal_uart_ex.o
 .ARM.attributes
                0x00000000000005ef       0x34 c:/st/stm32cubeide_1.5.0/stm32cubeide/plugins/com.st.stm32cube.ide.mcu.externaltools.gnu-tools-for-stm32.9-2020-q2-update.win32_1.5.0.202011040924/tools/bin/../lib/gcc/arm-none-eabi/9.3.1/../../../../arm-none-eabi/lib/thumb/v7e-m+fp/hard\libc_nano.a(lib_a-errno.o)
 .ARM.attributes
                0x0000000000000623       0x32 c:/st/stm32cubeide_1.5.0/stm32cubeide/plugins/com.st.stm32cube.ide.mcu.externaltools.gnu-tools-for-stm32.9-2020-q2-update.win32_1.5.0.202011040924/tools/bin/../lib/gcc/arm-none-eabi/9.3.1/../../../../arm-none-eabi/lib/thumb/v7e-m+fp/hard\libc_nano.a(lib_a-impure.o)
 .ARM.attributes
                0x0000000000000655       0x34 c:/st/stm32cubeide_1.5.0/stm32cubeide/plugins/com.st.stm32cube.ide.mcu.externaltools.gnu-tools-for-stm32.9-2020-q2-update.win32_1.5.0.202011040924/tools/bin/../lib/gcc/arm-none-eabi/9.3.1/../../../../arm-none-eabi/lib/thumb/v7e-m+fp/hard\libc_nano.a(lib_a-init.o)
 .ARM.attributes
                0x0000000000000689       0x34 c:/st/stm32cubeide_1.5.0/stm32cubeide/plugins/com.st.stm32cube.ide.mcu.externaltools.gnu-tools-for-stm32.9-2020-q2-update.win32_1.5.0.202011040924/tools/bin/../lib/gcc/arm-none-eabi/9.3.1/../../../../arm-none-eabi/lib/thumb/v7e-m+fp/hard\libc_nano.a(lib_a-memset.o)
 .ARM.attributes
                0x00000000000006bd       0x34 c:/st/stm32cubeide_1.5.0/stm32cubeide/plugins/com.st.stm32cube.ide.mcu.externaltools.gnu-tools-for-stm32.9-2020-q2-update.win32_1.5.0.202011040924/tools/bin/../lib/gcc/arm-none-eabi/9.3.1/../../../../arm-none-eabi/lib/thumb/v7e-m+fp/hard\libc_nano.a(lib_a-sprintf.o)
 .ARM.attributes
                0x00000000000006f1       0x34 c:/st/stm32cubeide_1.5.0/stm32cubeide/plugins/com.st.stm32cube.ide.mcu.externaltools.gnu-tools-for-stm32.9-2020-q2-update.win32_1.5.0.202011040924/tools/bin/../lib/gcc/arm-none-eabi/9.3.1/../../../../arm-none-eabi/lib/thumb/v7e-m+fp/hard\libc_nano.a(lib_a-nano-svfprintf.o)
 .ARM.attributes
                0x0000000000000725       0x34 c:/st/stm32cubeide_1.5.0/stm32cubeide/plugins/com.st.stm32cube.ide.mcu.externaltools.gnu-tools-for-stm32.9-2020-q2-update.win32_1.5.0.202011040924/tools/bin/../lib/gcc/arm-none-eabi/9.3.1/../../../../arm-none-eabi/lib/thumb/v7e-m+fp/hard\libc_nano.a(lib_a-nano-vfprintf_i.o)
 .ARM.attributes
                0x0000000000000759       0x1c c:/st/stm32cubeide_1.5.0/stm32cubeide/plugins/com.st.stm32cube.ide.mcu.externaltools.gnu-tools-for-stm32.9-2020-q2-update.win32_1.5.0.202011040924/tools/bin/../lib/gcc/arm-none-eabi/9.3.1/../../../../arm-none-eabi/lib/thumb/v7e-m+fp/hard\libc_nano.a(lib_a-memchr.o)
 .ARM.attributes
                0x0000000000000775       0x34 c:/st/stm32cubeide_1.5.0/stm32cubeide/plugins/com.st.stm32cube.ide.mcu.externaltools.gnu-tools-for-stm32.9-2020-q2-update.win32_1.5.0.202011040924/tools/bin/../lib/gcc/arm-none-eabi/9.3.1/../../../../arm-none-eabi/lib/thumb/v7e-m+fp/hard\libc_nano.a(lib_a-memcpy-stub.o)
 .ARM.attributes
                0x00000000000007a9       0x34 c:/st/stm32cubeide_1.5.0/stm32cubeide/plugins/com.st.stm32cube.ide.mcu.externaltools.gnu-tools-for-stm32.9-2020-q2-update.win32_1.5.0.202011040924/tools/bin/../lib/gcc/arm-none-eabi/9.3.1/../../../../arm-none-eabi/lib/thumb/v7e-m+fp/hard\libc_nano.a(lib_a-memmove.o)
 .ARM.attributes
                0x00000000000007dd       0x34 c:/st/stm32cubeide_1.5.0/stm32cubeide/plugins/com.st.stm32cube.ide.mcu.externaltools.gnu-tools-for-stm32.9-2020-q2-update.win32_1.5.0.202011040924/tools/bin/../lib/gcc/arm-none-eabi/9.3.1/../../../../arm-none-eabi/lib/thumb/v7e-m+fp/hard\libc_nano.a(lib_a-nano-freer.o)
 .ARM.attributes
                0x0000000000000811       0x34 c:/st/stm32cubeide_1.5.0/stm32cubeide/plugins/com.st.stm32cube.ide.mcu.externaltools.gnu-tools-for-stm32.9-2020-q2-update.win32_1.5.0.202011040924/tools/bin/../lib/gcc/arm-none-eabi/9.3.1/../../../../arm-none-eabi/lib/thumb/v7e-m+fp/hard\libc_nano.a(lib_a-nano-mallocr.o)
 .ARM.attributes
                0x0000000000000845       0x34 c:/st/stm32cubeide_1.5.0/stm32cubeide/plugins/com.st.stm32cube.ide.mcu.externaltools.gnu-tools-for-stm32.9-2020-q2-update.win32_1.5.0.202011040924/tools/bin/../lib/gcc/arm-none-eabi/9.3.1/../../../../arm-none-eabi/lib/thumb/v7e-m+fp/hard\libc_nano.a(lib_a-nano-reallocr.o)
 .ARM.attributes
                0x0000000000000879       0x34 c:/st/stm32cubeide_1.5.0/stm32cubeide/plugins/com.st.stm32cube.ide.mcu.externaltools.gnu-tools-for-stm32.9-2020-q2-update.win32_1.5.0.202011040924/tools/bin/../lib/gcc/arm-none-eabi/9.3.1/../../../../arm-none-eabi/lib/thumb/v7e-m+fp/hard\libc_nano.a(lib_a-sbrkr.o)
 .ARM.attributes
                0x00000000000008ad       0x34 c:/st/stm32cubeide_1.5.0/stm32cubeide/plugins/com.st.stm32cube.ide.mcu.externaltools.gnu-tools-for-stm32.9-2020-q2-update.win32_1.5.0.202011040924/tools/bin/../lib/gcc/arm-none-eabi/9.3.1/../../../../arm-none-eabi/lib/thumb/v7e-m+fp/hard\libc_nano.a(lib_a-mlock.o)
 .ARM.attributes
                0x00000000000008e1       0x34 c:/st/stm32cubeide_1.5.0/stm32cubeide/plugins/com.st.stm32cube.ide.mcu.externaltools.gnu-tools-for-stm32.9-2020-q2-update.win32_1.5.0.202011040924/tools/bin/../lib/gcc/arm-none-eabi/9.3.1/../../../../arm-none-eabi/lib/thumb/v7e-m+fp/hard\libc_nano.a(lib_a-nano-msizer.o)
 .ARM.attributes
                0x0000000000000915       0x34 c:/st/stm32cubeide_1.5.0/stm32cubeide/plugins/com.st.stm32cube.ide.mcu.externaltools.gnu-tools-for-stm32.9-2020-q2-update.win32_1.5.0.202011040924/tools/bin/../lib/gcc/arm-none-eabi/9.3.1/../../../../arm-none-eabi/lib/thumb/v7e-m+fp/hard\libc_nano.a(lib_a-reent.o)
 .ARM.attributes
                0x0000000000000949       0x34 c:/st/stm32cubeide_1.5.0/stm32cubeide/plugins/com.st.stm32cube.ide.mcu.externaltools.gnu-tools-for-stm32.9-2020-q2-update.win32_1.5.0.202011040924/tools/bin/../lib/gcc/arm-none-eabi/9.3.1/../../../../arm-none-eabi/lib/thumb/v7e-m+fp/hard\libc_nano.a(lib_a-lock.o)
 .ARM.attributes
                0x000000000000097d       0x1e c:/st/stm32cubeide_1.5.0/stm32cubeide/plugins/com.st.stm32cube.ide.mcu.externaltools.gnu-tools-for-stm32.9-2020-q2-update.win32_1.5.0.202011040924/tools/bin/../lib/gcc/arm-none-eabi/9.3.1/thumb/v7e-m+fp/hard\libgcc.a(_arm_addsubdf3.o)
 .ARM.attributes
                0x000000000000099b       0x1e c:/st/stm32cubeide_1.5.0/stm32cubeide/plugins/com.st.stm32cube.ide.mcu.externaltools.gnu-tools-for-stm32.9-2020-q2-update.win32_1.5.0.202011040924/tools/bin/../lib/gcc/arm-none-eabi/9.3.1/thumb/v7e-m+fp/hard\libgcc.a(_arm_muldivdf3.o)
 .ARM.attributes
                0x00000000000009b9       0x1e c:/st/stm32cubeide_1.5.0/stm32cubeide/plugins/com.st.stm32cube.ide.mcu.externaltools.gnu-tools-for-stm32.9-2020-q2-update.win32_1.5.0.202011040924/tools/bin/../lib/gcc/arm-none-eabi/9.3.1/thumb/v7e-m+fp/hard\libgcc.a(_arm_cmpdf2.o)
 .ARM.attributes
                0x00000000000009d7       0x1e c:/st/stm32cubeide_1.5.0/stm32cubeide/plugins/com.st.stm32cube.ide.mcu.externaltools.gnu-tools-for-stm32.9-2020-q2-update.win32_1.5.0.202011040924/tools/bin/../lib/gcc/arm-none-eabi/9.3.1/thumb/v7e-m+fp/hard\libgcc.a(_arm_fixdfsi.o)
 .ARM.attributes
                0x00000000000009f5       0x1e c:/st/stm32cubeide_1.5.0/stm32cubeide/plugins/com.st.stm32cube.ide.mcu.externaltools.gnu-tools-for-stm32.9-2020-q2-update.win32_1.5.0.202011040924/tools/bin/../lib/gcc/arm-none-eabi/9.3.1/thumb/v7e-m+fp/hard\libgcc.a(_aeabi_uldivmod.o)
 .ARM.attributes
                0x0000000000000a13       0x34 c:/st/stm32cubeide_1.5.0/stm32cubeide/plugins/com.st.stm32cube.ide.mcu.externaltools.gnu-tools-for-stm32.9-2020-q2-update.win32_1.5.0.202011040924/tools/bin/../lib/gcc/arm-none-eabi/9.3.1/thumb/v7e-m+fp/hard\libgcc.a(_udivmoddi4.o)
 .ARM.attributes
                0x0000000000000a47       0x1e c:/st/stm32cubeide_1.5.0/stm32cubeide/plugins/com.st.stm32cube.ide.mcu.externaltools.gnu-tools-for-stm32.9-2020-q2-update.win32_1.5.0.202011040924/tools/bin/../lib/gcc/arm-none-eabi/9.3.1/thumb/v7e-m+fp/hard\libgcc.a(_dvmd_tls.o)
 .ARM.attributes
                0x0000000000000a65       0x1e c:/st/stm32cubeide_1.5.0/stm32cubeide/plugins/com.st.stm32cube.ide.mcu.externaltools.gnu-tools-for-stm32.9-2020-q2-update.win32_1.5.0.202011040924/tools/bin/../lib/gcc/arm-none-eabi/9.3.1/thumb/v7e-m+fp/hard/crtn.o
OUTPUT(WeatherStation_PMIK.elf elf32-littlearm)
LOAD linker stubs
LOAD c:/st/stm32cubeide_1.5.0/stm32cubeide/plugins/com.st.stm32cube.ide.mcu.externaltools.gnu-tools-for-stm32.9-2020-q2-update.win32_1.5.0.202011040924/tools/bin/../lib/gcc/arm-none-eabi/9.3.1/../../../../arm-none-eabi/lib/thumb/v7e-m+fp/hard\libc.a
LOAD c:/st/stm32cubeide_1.5.0/stm32cubeide/plugins/com.st.stm32cube.ide.mcu.externaltools.gnu-tools-for-stm32.9-2020-q2-update.win32_1.5.0.202011040924/tools/bin/../lib/gcc/arm-none-eabi/9.3.1/../../../../arm-none-eabi/lib/thumb/v7e-m+fp/hard\libm.a
LOAD c:/st/stm32cubeide_1.5.0/stm32cubeide/plugins/com.st.stm32cube.ide.mcu.externaltools.gnu-tools-for-stm32.9-2020-q2-update.win32_1.5.0.202011040924/tools/bin/../lib/gcc/arm-none-eabi/9.3.1/thumb/v7e-m+fp/hard\libgcc.a

.debug_info     0x0000000000000000    0x19e33
 .debug_info    0x0000000000000000      0xa1a Core/Src/Bluetooth.o
 .debug_info    0x0000000000000a1a      0x7df Core/Src/DHT.o
 .debug_info    0x00000000000011f9      0xafb Core/Src/DispParam.o
 .debug_info    0x0000000000001cf4      0xb83 Core/Src/bmp180.o
 .debug_info    0x0000000000002877      0x90a Core/Src/gpio.o
 .debug_info    0x0000000000003181      0xc20 Core/Src/i2c.o
 .debug_info    0x0000000000003da1      0x990 Core/Src/lcd_i2c.o
 .debug_info    0x0000000000004731     0x1ef7 Core/Src/main.o
 .debug_info    0x0000000000006628      0x545 Core/Src/stm32l4xx_hal_msp.o
 .debug_info    0x0000000000006b6d      0xcfe Core/Src/stm32l4xx_it.o
 .debug_info    0x000000000000786b      0xa25 Core/Src/sysmem.o
 .debug_info    0x0000000000008290      0x794 Core/Src/system_stm32l4xx.o
 .debug_info    0x0000000000008a24      0xdac Core/Src/tim.o
 .debug_info    0x00000000000097d0      0xf26 Core/Src/usart.o
 .debug_info    0x000000000000a6f6       0x22 Core/Startup/startup_stm32l476rgtx.o
 .debug_info    0x000000000000a718      0xddb Drivers/STM32L4xx_HAL_Driver/Src/stm32l4xx_hal.o
 .debug_info    0x000000000000b4f3     0x102e Drivers/STM32L4xx_HAL_Driver/Src/stm32l4xx_hal_cortex.o
 .debug_info    0x000000000000c521      0x973 Drivers/STM32L4xx_HAL_Driver/Src/stm32l4xx_hal_dma.o
 .debug_info    0x000000000000ce94      0xa5f Drivers/STM32L4xx_HAL_Driver/Src/stm32l4xx_hal_gpio.o
 .debug_info    0x000000000000d8f3     0x22fd Drivers/STM32L4xx_HAL_Driver/Src/stm32l4xx_hal_i2c.o
 .debug_info    0x000000000000fbf0      0xc29 Drivers/STM32L4xx_HAL_Driver/Src/stm32l4xx_hal_i2c_ex.o
 .debug_info    0x0000000000010819      0xbda Drivers/STM32L4xx_HAL_Driver/Src/stm32l4xx_hal_pwr_ex.o
 .debug_info    0x00000000000113f3      0xe0b Drivers/STM32L4xx_HAL_Driver/Src/stm32l4xx_hal_rcc.o
 .debug_info    0x00000000000121fe     0x103f Drivers/STM32L4xx_HAL_Driver/Src/stm32l4xx_hal_rcc_ex.o
 .debug_info    0x000000000001323d     0x2cb9 Drivers/STM32L4xx_HAL_Driver/Src/stm32l4xx_hal_tim.o
 .debug_info    0x0000000000015ef6     0x1813 Drivers/STM32L4xx_HAL_Driver/Src/stm32l4xx_hal_tim_ex.o
 .debug_info    0x0000000000017709     0x1ac3 Drivers/STM32L4xx_HAL_Driver/Src/stm32l4xx_hal_uart.o
 .debug_info    0x00000000000191cc      0xc67 Drivers/STM32L4xx_HAL_Driver/Src/stm32l4xx_hal_uart_ex.o

.debug_abbrev   0x0000000000000000     0x35cf
 .debug_abbrev  0x0000000000000000      0x19f Core/Src/Bluetooth.o
 .debug_abbrev  0x000000000000019f      0x1fb Core/Src/DHT.o
 .debug_abbrev  0x000000000000039a      0x1c8 Core/Src/DispParam.o
 .debug_abbrev  0x0000000000000562      0x1f8 Core/Src/bmp180.o
 .debug_abbrev  0x000000000000075a      0x157 Core/Src/gpio.o
 .debug_abbrev  0x00000000000008b1      0x1c6 Core/Src/i2c.o
 .debug_abbrev  0x0000000000000a77      0x1c5 Core/Src/lcd_i2c.o
 .debug_abbrev  0x0000000000000c3c      0x2c6 Core/Src/main.o
 .debug_abbrev  0x0000000000000f02      0x13d Core/Src/stm32l4xx_hal_msp.o
 .debug_abbrev  0x000000000000103f      0x176 Core/Src/stm32l4xx_it.o
 .debug_abbrev  0x00000000000011b5      0x1bf Core/Src/sysmem.o
 .debug_abbrev  0x0000000000001374      0x16e Core/Src/system_stm32l4xx.o
 .debug_abbrev  0x00000000000014e2      0x1bb Core/Src/tim.o
 .debug_abbrev  0x000000000000169d      0x1c4 Core/Src/usart.o
 .debug_abbrev  0x0000000000001861       0x12 Core/Startup/startup_stm32l476rgtx.o
 .debug_abbrev  0x0000000000001873      0x227 Drivers/STM32L4xx_HAL_Driver/Src/stm32l4xx_hal.o
 .debug_abbrev  0x0000000000001a9a      0x33c Drivers/STM32L4xx_HAL_Driver/Src/stm32l4xx_hal_cortex.o
 .debug_abbrev  0x0000000000001dd6      0x201 Drivers/STM32L4xx_HAL_Driver/Src/stm32l4xx_hal_dma.o
 .debug_abbrev  0x0000000000001fd7      0x1e8 Drivers/STM32L4xx_HAL_Driver/Src/stm32l4xx_hal_gpio.o
 .debug_abbrev  0x00000000000021bf      0x256 Drivers/STM32L4xx_HAL_Driver/Src/stm32l4xx_hal_i2c.o
 .debug_abbrev  0x0000000000002415      0x1dd Drivers/STM32L4xx_HAL_Driver/Src/stm32l4xx_hal_i2c_ex.o
 .debug_abbrev  0x00000000000025f2      0x1f3 Drivers/STM32L4xx_HAL_Driver/Src/stm32l4xx_hal_pwr_ex.o
 .debug_abbrev  0x00000000000027e5      0x275 Drivers/STM32L4xx_HAL_Driver/Src/stm32l4xx_hal_rcc.o
 .debug_abbrev  0x0000000000002a5a      0x268 Drivers/STM32L4xx_HAL_Driver/Src/stm32l4xx_hal_rcc_ex.o
 .debug_abbrev  0x0000000000002cc2      0x25e Drivers/STM32L4xx_HAL_Driver/Src/stm32l4xx_hal_tim.o
 .debug_abbrev  0x0000000000002f20      0x266 Drivers/STM32L4xx_HAL_Driver/Src/stm32l4xx_hal_tim_ex.o
 .debug_abbrev  0x0000000000003186      0x23f Drivers/STM32L4xx_HAL_Driver/Src/stm32l4xx_hal_uart.o
 .debug_abbrev  0x00000000000033c5      0x20a Drivers/STM32L4xx_HAL_Driver/Src/stm32l4xx_hal_uart_ex.o

.debug_aranges  0x0000000000000000     0x13d8
 .debug_aranges
                0x0000000000000000       0x20 Core/Src/Bluetooth.o
 .debug_aranges
                0x0000000000000020       0x58 Core/Src/DHT.o
 .debug_aranges
                0x0000000000000078       0x38 Core/Src/DispParam.o
 .debug_aranges
                0x00000000000000b0       0x58 Core/Src/bmp180.o
 .debug_aranges
                0x0000000000000108       0x20 Core/Src/gpio.o
 .debug_aranges
                0x0000000000000128       0x30 Core/Src/i2c.o
 .debug_aranges
                0x0000000000000158       0x38 Core/Src/lcd_i2c.o
 .debug_aranges
                0x0000000000000190       0x48 Core/Src/main.o
 .debug_aranges
                0x00000000000001d8       0x20 Core/Src/stm32l4xx_hal_msp.o
 .debug_aranges
                0x00000000000001f8       0x78 Core/Src/stm32l4xx_it.o
 .debug_aranges
                0x0000000000000270       0x20 Core/Src/sysmem.o
 .debug_aranges
                0x0000000000000290       0x28 Core/Src/system_stm32l4xx.o
 .debug_aranges
                0x00000000000002b8       0x30 Core/Src/tim.o
 .debug_aranges
                0x00000000000002e8       0x38 Core/Src/usart.o
 .debug_aranges
                0x0000000000000320       0x28 Core/Startup/startup_stm32l476rgtx.o
 .debug_aranges
                0x0000000000000348      0x130 Drivers/STM32L4xx_HAL_Driver/Src/stm32l4xx_hal.o
 .debug_aranges
                0x0000000000000478      0x118 Drivers/STM32L4xx_HAL_Driver/Src/stm32l4xx_hal_cortex.o
 .debug_aranges
                0x0000000000000590       0x80 Drivers/STM32L4xx_HAL_Driver/Src/stm32l4xx_hal_dma.o
 .debug_aranges
                0x0000000000000610       0x58 Drivers/STM32L4xx_HAL_Driver/Src/stm32l4xx_hal_gpio.o
 .debug_aranges
                0x0000000000000668      0x290 Drivers/STM32L4xx_HAL_Driver/Src/stm32l4xx_hal_i2c.o
 .debug_aranges
                0x00000000000008f8       0x48 Drivers/STM32L4xx_HAL_Driver/Src/stm32l4xx_hal_i2c_ex.o
 .debug_aranges
                0x0000000000000940      0x150 Drivers/STM32L4xx_HAL_Driver/Src/stm32l4xx_hal_pwr_ex.o
 .debug_aranges
                0x0000000000000a90       0x88 Drivers/STM32L4xx_HAL_Driver/Src/stm32l4xx_hal_rcc.o
 .debug_aranges
                0x0000000000000b18       0xc0 Drivers/STM32L4xx_HAL_Driver/Src/stm32l4xx_hal_rcc_ex.o
 .debug_aranges
                0x0000000000000bd8      0x3e0 Drivers/STM32L4xx_HAL_Driver/Src/stm32l4xx_hal_tim.o
 .debug_aranges
                0x0000000000000fb8      0x180 Drivers/STM32L4xx_HAL_Driver/Src/stm32l4xx_hal_tim_ex.o
 .debug_aranges
                0x0000000000001138      0x228 Drivers/STM32L4xx_HAL_Driver/Src/stm32l4xx_hal_uart.o
 .debug_aranges
                0x0000000000001360       0x78 Drivers/STM32L4xx_HAL_Driver/Src/stm32l4xx_hal_uart_ex.o

.debug_ranges   0x0000000000000000     0x1250
 .debug_ranges  0x0000000000000000       0x10 Core/Src/Bluetooth.o
 .debug_ranges  0x0000000000000010       0x48 Core/Src/DHT.o
 .debug_ranges  0x0000000000000058       0x28 Core/Src/DispParam.o
 .debug_ranges  0x0000000000000080       0x48 Core/Src/bmp180.o
 .debug_ranges  0x00000000000000c8       0x10 Core/Src/gpio.o
 .debug_ranges  0x00000000000000d8       0x20 Core/Src/i2c.o
 .debug_ranges  0x00000000000000f8       0x28 Core/Src/lcd_i2c.o
 .debug_ranges  0x0000000000000120       0x38 Core/Src/main.o
 .debug_ranges  0x0000000000000158       0x10 Core/Src/stm32l4xx_hal_msp.o
 .debug_ranges  0x0000000000000168       0x68 Core/Src/stm32l4xx_it.o
 .debug_ranges  0x00000000000001d0       0x10 Core/Src/sysmem.o
 .debug_ranges  0x00000000000001e0       0x18 Core/Src/system_stm32l4xx.o
 .debug_ranges  0x00000000000001f8       0x20 Core/Src/tim.o
 .debug_ranges  0x0000000000000218       0x28 Core/Src/usart.o
 .debug_ranges  0x0000000000000240       0x20 Core/Startup/startup_stm32l476rgtx.o
 .debug_ranges  0x0000000000000260      0x120 Drivers/STM32L4xx_HAL_Driver/Src/stm32l4xx_hal.o
 .debug_ranges  0x0000000000000380      0x108 Drivers/STM32L4xx_HAL_Driver/Src/stm32l4xx_hal_cortex.o
 .debug_ranges  0x0000000000000488       0x70 Drivers/STM32L4xx_HAL_Driver/Src/stm32l4xx_hal_dma.o
 .debug_ranges  0x00000000000004f8       0x48 Drivers/STM32L4xx_HAL_Driver/Src/stm32l4xx_hal_gpio.o
 .debug_ranges  0x0000000000000540      0x280 Drivers/STM32L4xx_HAL_Driver/Src/stm32l4xx_hal_i2c.o
 .debug_ranges  0x00000000000007c0       0x38 Drivers/STM32L4xx_HAL_Driver/Src/stm32l4xx_hal_i2c_ex.o
 .debug_ranges  0x00000000000007f8      0x140 Drivers/STM32L4xx_HAL_Driver/Src/stm32l4xx_hal_pwr_ex.o
 .debug_ranges  0x0000000000000938       0x78 Drivers/STM32L4xx_HAL_Driver/Src/stm32l4xx_hal_rcc.o
 .debug_ranges  0x00000000000009b0       0xb0 Drivers/STM32L4xx_HAL_Driver/Src/stm32l4xx_hal_rcc_ex.o
 .debug_ranges  0x0000000000000a60      0x3d0 Drivers/STM32L4xx_HAL_Driver/Src/stm32l4xx_hal_tim.o
 .debug_ranges  0x0000000000000e30      0x170 Drivers/STM32L4xx_HAL_Driver/Src/stm32l4xx_hal_tim_ex.o
 .debug_ranges  0x0000000000000fa0      0x248 Drivers/STM32L4xx_HAL_Driver/Src/stm32l4xx_hal_uart.o
 .debug_ranges  0x00000000000011e8       0x68 Drivers/STM32L4xx_HAL_Driver/Src/stm32l4xx_hal_uart_ex.o

.debug_macro    0x0000000000000000    0x28f55
 .debug_macro   0x0000000000000000      0x206 Core/Src/Bluetooth.o
 .debug_macro   0x0000000000000206      0xaa8 Core/Src/Bluetooth.o
 .debug_macro   0x0000000000000cae      0x1ad Core/Src/Bluetooth.o
 .debug_macro   0x0000000000000e5b       0x2e Core/Src/Bluetooth.o
 .debug_macro   0x0000000000000e89       0x28 Core/Src/Bluetooth.o
 .debug_macro   0x0000000000000eb1       0x22 Core/Src/Bluetooth.o
 .debug_macro   0x0000000000000ed3       0x8e Core/Src/Bluetooth.o
 .debug_macro   0x0000000000000f61       0x51 Core/Src/Bluetooth.o
 .debug_macro   0x0000000000000fb2      0x103 Core/Src/Bluetooth.o
 .debug_macro   0x00000000000010b5       0x6a Core/Src/Bluetooth.o
 .debug_macro   0x000000000000111f      0x1df Core/Src/Bluetooth.o
 .debug_macro   0x00000000000012fe       0x1c Core/Src/Bluetooth.o
 .debug_macro   0x000000000000131a       0x22 Core/Src/Bluetooth.o
 .debug_macro   0x000000000000133c      0x101 Core/Src/Bluetooth.o
 .debug_macro   0x000000000000143d     0x1011 Core/Src/Bluetooth.o
 .debug_macro   0x000000000000244e      0x11f Core/Src/Bluetooth.o
 .debug_macro   0x000000000000256d    0x1a13d Core/Src/Bluetooth.o
 .debug_macro   0x000000000001c6aa       0x43 Core/Src/Bluetooth.o
 .debug_macro   0x000000000001c6ed     0x3897 Core/Src/Bluetooth.o
 .debug_macro   0x000000000001ff84      0x174 Core/Src/Bluetooth.o
 .debug_macro   0x00000000000200f8       0x5c Core/Src/Bluetooth.o
 .debug_macro   0x0000000000020154     0x155f Core/Src/Bluetooth.o
 .debug_macro   0x00000000000216b3      0x59e Core/Src/Bluetooth.o
 .debug_macro   0x0000000000021c51      0x13d Core/Src/Bluetooth.o
 .debug_macro   0x0000000000021d8e      0x18b Core/Src/Bluetooth.o
 .debug_macro   0x0000000000021f19      0x26b Core/Src/Bluetooth.o
 .debug_macro   0x0000000000022184      0x23d Core/Src/Bluetooth.o
 .debug_macro   0x00000000000223c1      0x241 Core/Src/Bluetooth.o
 .debug_macro   0x0000000000022602      0x37c Core/Src/Bluetooth.o
 .debug_macro   0x000000000002297e       0xd6 Core/Src/Bluetooth.o
 .debug_macro   0x0000000000022a54      0x22c Core/Src/Bluetooth.o
 .debug_macro   0x0000000000022c80       0x61 Core/Src/Bluetooth.o
 .debug_macro   0x0000000000022ce1       0xa5 Core/Src/Bluetooth.o
 .debug_macro   0x0000000000022d86      0x122 Core/Src/Bluetooth.o
 .debug_macro   0x0000000000022ea8      0x3e9 Core/Src/Bluetooth.o
 .debug_macro   0x0000000000023291      0xa75 Core/Src/Bluetooth.o
 .debug_macro   0x0000000000023d06      0x1e7 Core/Src/Bluetooth.o
 .debug_macro   0x0000000000023eed      0x5ba Core/Src/Bluetooth.o
 .debug_macro   0x00000000000244a7       0x44 Core/Src/Bluetooth.o
 .debug_macro   0x00000000000244eb      0x331 Core/Src/Bluetooth.o
 .debug_macro   0x000000000002481c       0x6a Core/Src/Bluetooth.o
 .debug_macro   0x0000000000024886      0x1f5 Core/Src/DHT.o
 .debug_macro   0x0000000000024a7b      0x1f5 Core/Src/DispParam.o
 .debug_macro   0x0000000000024c70       0x22 Core/Src/DispParam.o
 .debug_macro   0x0000000000024c92       0x58 Core/Src/DispParam.o
 .debug_macro   0x0000000000024cea       0x52 Core/Src/DispParam.o
 .debug_macro   0x0000000000024d3c       0x18 Core/Src/DispParam.o
 .debug_macro   0x0000000000024d54       0x3c Core/Src/DispParam.o
 .debug_macro   0x0000000000024d90       0x34 Core/Src/DispParam.o
 .debug_macro   0x0000000000024dc4       0x16 Core/Src/DispParam.o
 .debug_macro   0x0000000000024dda       0x97 Core/Src/DispParam.o
 .debug_macro   0x0000000000024e71      0x339 Core/Src/DispParam.o
 .debug_macro   0x00000000000251aa       0xfd Core/Src/DispParam.o
 .debug_macro   0x00000000000252a7       0x10 Core/Src/DispParam.o
 .debug_macro   0x00000000000252b7       0x16 Core/Src/DispParam.o
 .debug_macro   0x00000000000252cd       0x43 Core/Src/DispParam.o
 .debug_macro   0x0000000000025310       0x34 Core/Src/DispParam.o
 .debug_macro   0x0000000000025344       0x10 Core/Src/DispParam.o
 .debug_macro   0x0000000000025354       0x58 Core/Src/DispParam.o
 .debug_macro   0x00000000000253ac       0x71 Core/Src/DispParam.o
 .debug_macro   0x000000000002541d       0x1c Core/Src/DispParam.o
 .debug_macro   0x0000000000025439      0x12a Core/Src/DispParam.o
 .debug_macro   0x0000000000025563       0x10 Core/Src/DispParam.o
 .debug_macro   0x0000000000025573       0x1c Core/Src/DispParam.o
 .debug_macro   0x000000000002558f       0x52 Core/Src/DispParam.o
 .debug_macro   0x00000000000255e1       0x22 Core/Src/DispParam.o
 .debug_macro   0x0000000000025603       0x10 Core/Src/DispParam.o
 .debug_macro   0x0000000000025613       0x40 Core/Src/DispParam.o
 .debug_macro   0x0000000000025653       0xd5 Core/Src/DispParam.o
 .debug_macro   0x0000000000025728       0x1c Core/Src/DispParam.o
 .debug_macro   0x0000000000025744       0x3d Core/Src/DispParam.o
 .debug_macro   0x0000000000025781       0x16 Core/Src/DispParam.o
 .debug_macro   0x0000000000025797      0x145 Core/Src/DispParam.o
 .debug_macro   0x00000000000258dc      0x1fc Core/Src/bmp180.o
 .debug_macro   0x0000000000025ad8      0x1f2 Core/Src/gpio.o
 .debug_macro   0x0000000000025cca      0x1f2 Core/Src/i2c.o
 .debug_macro   0x0000000000025ebc      0x204 Core/Src/lcd_i2c.o
 .debug_macro   0x00000000000260c0       0x70 Core/Src/lcd_i2c.o
 .debug_macro   0x0000000000026130      0x3c7 Core/Src/main.o
 .debug_macro   0x00000000000264f7       0x35 Core/Src/main.o
 .debug_macro   0x000000000002652c      0x333 Core/Src/main.o
 .debug_macro   0x000000000002685f      0x1e8 Core/Src/stm32l4xx_hal_msp.o
 .debug_macro   0x0000000000026a47      0x1f2 Core/Src/stm32l4xx_it.o
 .debug_macro   0x0000000000026c39       0xff Core/Src/sysmem.o
 .debug_macro   0x0000000000026d38      0x23b Core/Src/sysmem.o
 .debug_macro   0x0000000000026f73      0x1df Core/Src/system_stm32l4xx.o
 .debug_macro   0x0000000000027152      0x1f2 Core/Src/tim.o
 .debug_macro   0x0000000000027344      0x1f2 Core/Src/usart.o
 .debug_macro   0x0000000000027536      0x227 Drivers/STM32L4xx_HAL_Driver/Src/stm32l4xx_hal.o
 .debug_macro   0x000000000002775d      0x1d9 Drivers/STM32L4xx_HAL_Driver/Src/stm32l4xx_hal_cortex.o
 .debug_macro   0x0000000000027936      0x1d9 Drivers/STM32L4xx_HAL_Driver/Src/stm32l4xx_hal_dma.o
 .debug_macro   0x0000000000027b0f      0x218 Drivers/STM32L4xx_HAL_Driver/Src/stm32l4xx_hal_gpio.o
 .debug_macro   0x0000000000027d27      0x29e Drivers/STM32L4xx_HAL_Driver/Src/stm32l4xx_hal_i2c.o
 .debug_macro   0x0000000000027fc5      0x1d9 Drivers/STM32L4xx_HAL_Driver/Src/stm32l4xx_hal_i2c_ex.o
 .debug_macro   0x000000000002819e      0x1fd Drivers/STM32L4xx_HAL_Driver/Src/stm32l4xx_hal_pwr_ex.o
 .debug_macro   0x000000000002839b      0x21b Drivers/STM32L4xx_HAL_Driver/Src/stm32l4xx_hal_rcc.o
 .debug_macro   0x00000000000285b6      0x20f Drivers/STM32L4xx_HAL_Driver/Src/stm32l4xx_hal_rcc_ex.o
 .debug_macro   0x00000000000287c5      0x1da Drivers/STM32L4xx_HAL_Driver/Src/stm32l4xx_hal_tim.o
 .debug_macro   0x000000000002899f      0x1d9 Drivers/STM32L4xx_HAL_Driver/Src/stm32l4xx_hal_tim_ex.o
 .debug_macro   0x0000000000028b78      0x204 Drivers/STM32L4xx_HAL_Driver/Src/stm32l4xx_hal_uart.o
 .debug_macro   0x0000000000028d7c      0x1d9 Drivers/STM32L4xx_HAL_Driver/Src/stm32l4xx_hal_uart_ex.o

.debug_line     0x0000000000000000    0x18976
 .debug_line    0x0000000000000000      0x7b6 Core/Src/Bluetooth.o
 .debug_line    0x00000000000007b6      0x8b3 Core/Src/DHT.o
 .debug_line    0x0000000000001069      0x690 Core/Src/DispParam.o
 .debug_line    0x00000000000016f9      0x9b2 Core/Src/bmp180.o
 .debug_line    0x00000000000020ab      0x714 Core/Src/gpio.o
 .debug_line    0x00000000000027bf      0x775 Core/Src/i2c.o
 .debug_line    0x0000000000002f34      0x7d9 Core/Src/lcd_i2c.o
 .debug_line    0x000000000000370d      0xab3 Core/Src/main.o
 .debug_line    0x00000000000041c0      0x6f9 Core/Src/stm32l4xx_hal_msp.o
 .debug_line    0x00000000000048b9      0x803 Core/Src/stm32l4xx_it.o
 .debug_line    0x00000000000050bc      0x4f8 Core/Src/sysmem.o
 .debug_line    0x00000000000055b4      0x7c1 Core/Src/system_stm32l4xx.o
 .debug_line    0x0000000000005d75      0x747 Core/Src/tim.o
 .debug_line    0x00000000000064bc      0x7db Core/Src/usart.o
 .debug_line    0x0000000000006c97       0x87 Core/Startup/startup_stm32l476rgtx.o
 .debug_line    0x0000000000006d1e      0xae9 Drivers/STM32L4xx_HAL_Driver/Src/stm32l4xx_hal.o
 .debug_line    0x0000000000007807      0xc8f Drivers/STM32L4xx_HAL_Driver/Src/stm32l4xx_hal_cortex.o
 .debug_line    0x0000000000008496      0xcc7 Drivers/STM32L4xx_HAL_Driver/Src/stm32l4xx_hal_dma.o
 .debug_line    0x000000000000915d      0xb62 Drivers/STM32L4xx_HAL_Driver/Src/stm32l4xx_hal_gpio.o
 .debug_line    0x0000000000009cbf     0x32b9 Drivers/STM32L4xx_HAL_Driver/Src/stm32l4xx_hal_i2c.o
 .debug_line    0x000000000000cf78      0x916 Drivers/STM32L4xx_HAL_Driver/Src/stm32l4xx_hal_i2c_ex.o
 .debug_line    0x000000000000d88e      0xca4 Drivers/STM32L4xx_HAL_Driver/Src/stm32l4xx_hal_pwr_ex.o
 .debug_line    0x000000000000e532      0xf2c Drivers/STM32L4xx_HAL_Driver/Src/stm32l4xx_hal_rcc.o
 .debug_line    0x000000000000f45e     0x14a1 Drivers/STM32L4xx_HAL_Driver/Src/stm32l4xx_hal_rcc_ex.o
 .debug_line    0x00000000000108ff     0x3c72 Drivers/STM32L4xx_HAL_Driver/Src/stm32l4xx_hal_tim.o
 .debug_line    0x0000000000014571     0x1bb7 Drivers/STM32L4xx_HAL_Driver/Src/stm32l4xx_hal_tim_ex.o
 .debug_line    0x0000000000016128     0x1d79 Drivers/STM32L4xx_HAL_Driver/Src/stm32l4xx_hal_uart.o
 .debug_line    0x0000000000017ea1      0xad5 Drivers/STM32L4xx_HAL_Driver/Src/stm32l4xx_hal_uart_ex.o

.debug_str      0x0000000000000000    0xf5bd9
 .debug_str     0x0000000000000000    0xeb843 Core/Src/Bluetooth.o
                                      0xebb84 (size before relaxing)
 .debug_str     0x00000000000eb843      0x256 Core/Src/DHT.o
                                      0xeb7da (size before relaxing)
 .debug_str     0x00000000000eba99     0x426f Core/Src/DispParam.o
                                       0x8353 (size before relaxing)
 .debug_str     0x00000000000efd08      0x33b Core/Src/bmp180.o
                                      0xebc2c (size before relaxing)
 .debug_str     0x00000000000f0043      0x587 Core/Src/gpio.o
                                      0xebda3 (size before relaxing)
 .debug_str     0x00000000000f05ca       0x4b Core/Src/i2c.o
                                      0xebd4c (size before relaxing)
 .debug_str     0x00000000000f0615       0x4c Core/Src/lcd_i2c.o
                                      0xebd23 (size before relaxing)
 .debug_str     0x00000000000f0661      0x72c Core/Src/main.o
                                      0xf0898 (size before relaxing)
 .debug_str     0x00000000000f0d8d       0x2c Core/Src/stm32l4xx_hal_msp.o
                                      0xeb820 (size before relaxing)
 .debug_str     0x00000000000f0db9       0xfd Core/Src/stm32l4xx_it.o
                                      0xebeb3 (size before relaxing)
 .debug_str     0x00000000000f0eb6      0x4e9 Core/Src/sysmem.o
                                       0x62ab (size before relaxing)
 .debug_str     0x00000000000f139f       0xcd Core/Src/system_stm32l4xx.o
                                      0xeb74d (size before relaxing)